[INFO] Scanning for projects...
[INFO] ------------------------------------------------------------------------
[INFO] Reactor Build Order:
[INFO] 
[INFO] am-portfolio                                                       [pom]
[INFO] portfolio-model                                                    [jar]
[INFO] portfolio-market-data                                              [jar]
[INFO] portfolio-basket                                                   [jar]
[INFO] portfolio-redis                                                    [jar]
[INFO] portfolio-service                                                  [jar]
[INFO] Portfolio Analytics                                                [jar]
[INFO] portfolio-api                                                      [jar]
[INFO] portfolio-kafka                                                    [jar]
[INFO] portfolio-app                                                      [jar]
[INFO] portfolio-sdk                                                      [jar]
[INFO] 
[INFO] ---------------------< com.portfolio:am-portfolio >---------------------
[INFO] Building am-portfolio 1.0-SNAPSHOT                                [1/11]
[INFO]   from pom.xml
[INFO] --------------------------------[ pom ]---------------------------------
[INFO]  
[INFO] --- clean:3.3.2:clean (default-clean) @ am-portfolio ---
[INFO] 
[INFO] -------------------< com.portfolio:portfolio-model >--------------------
[INFO] Building portfolio-model 1.0-SNAPSHOT                             [2/11]
[INFO]   from portfolio-model\pom.xml
[INFO] --------------------------------[ jar ]---------------------------------
[INFO] 
[INFO] --- clean:3.3.2:clean (default-clean) @ portfolio-model ---
[INFO] Deleting A:\InfraCode\AM-Portfolio-grp\am-portfolio\am-portfolio-data\portfolio-model\target
[INFO] 
[INFO] --- rexsources:3.3.1:resources (default-resources) @ portfolio-model ---
[INFO] Copying 0 resource from src\main\resources to target\classes
[INFO] Copying 0 resource from src\main\resources to target\classes
[INFO] 
[INFO] --- compiler:3.11.0:compile (default-compile) @ portfolio-model ---
[INFO] Changes detected - recompiling the module! :source
[INFO] Compiling 39 source files with javac [debug release 17] to target\classes
[INFO] 
[INFO] --- resources:3.3.1:testResources (default-testResources) @ portfolio-model ---
[INFO] skip non existing resourceDirectory A:\InfraCode\AM-Portfolio-grp\am-portfolio\am-portfolio-data\portfolio-model\src\test\resources
[INFO] 
[INFO] --- compiler:3.11.0:testCompile (default-testCompile) @ portfolio-model ---
[INFO] No sources to compile
[INFO] 
[INFO] --- surefire:3.1.2:test (default-test) @ portfolio-model ---
[INFO] Tests are skipped.
[INFO] 
[INFO] --- jar:3.3.0:jar (default-jar) @ portfolio-model ---
[INFO] Building jar: A:\InfraCode\AM-Portfolio-grp\am-portfolio\am-portfolio-data\portfolio-model\target\portfolio-model-1.0-SNAPSHOT.jar
[INFO] 
[INFO] ----------------< com.portfolio:portfolio-market-data >-----------------
[INFO] Building portfolio-market-data 1.0-SNAPSHOT                       [3/11]
[INFO]   from portfolio-market-data\pom.xml
[INFO] --------------------------------[ jar ]---------------------------------
[INFO] 
[INFO] --- clean:3.3.2:clean (default-clean) @ portfolio-market-data ---
[INFO] Deleting A:\InfraCode\AM-Portfolio-grp\am-portfolio\am-portfolio-data\portfolio-market-data\target
[INFO] 
[INFO] --- resources:3.3.1:resources (default-resources) @ portfolio-market-data ---
[INFO] skip non existing resourceDirectory A:\InfraCode\AM-Portfolio-grp\am-portfolio\am-portfolio-data\portfolio-market-data\src\main\resources
[INFO] skip non existing resourceDirectory A:\InfraCode\AM-Portfolio-grp\am-portfolio\am-portfolio-data\portfolio-market-data\src\main\resources
[INFO] 
[INFO] --- compiler:3.11.0:compile (default-compile) @ portfolio-market-data ---
[INFO] Changes detected - recompiling the module! :dependency
[INFO] Compiling 24 source files with javac [debug release 17] to target\classes
[WARNING] /A:/InfraCode/AM-Portfolio-grp/am-portfolio/am-portfolio-data/portfolio-market-data/src/main/java/com/portfolio/marketdata/model/HistoricalDataRequest.java:[29,21] @Builder will ignore the initializing expression entirely. If you want the initializing expression to serve as default, add @Builder.Default. If it is not supposed to be settable during building, make the field final.
[INFO] 
[INFO] --- resources:3.3.1:testResources (default-testResources) @ portfolio-market-data ---
[INFO] skip non existing resourceDirectory A:\InfraCode\AM-Portfolio-grp\am-portfolio\am-portfolio-data\portfolio-market-data\src\test\resources
[INFO] 
[INFO] --- compiler:3.11.0:testCompile (default-testCompile) @ portfolio-market-data ---
[INFO] Changes detected - recompiling the module! :dependency
[INFO] Compiling 2 source files with javac [debug release 17] to target\test-classes
[INFO] 
[INFO] --- surefire:3.1.2:test (default-test) @ portfolio-market-data ---
[INFO] Tests are skipped.
[INFO] 
[INFO] --- jar:3.3.0:jar (default-jar) @ portfolio-market-data ---
[INFO] Building jar: A:\InfraCode\AM-Portfolio-grp\am-portfolio\am-portfolio-data\portfolio-market-data\target\portfolio-market-data-1.0-SNAPSHOT.jar
[INFO] 
[INFO] -------------------< com.portfolio:portfolio-basket >-------------------
[INFO] Building portfolio-basket 1.0-SNAPSHOT                            [4/11]
[INFO]   from portfolio-basket\pom.xml
[INFO] --------------------------------[ jar ]---------------------------------
[INFO] 
[INFO] --- clean:3.3.2:clean (default-clean) @ portfolio-basket ---
[INFO] Deleting A:\InfraCode\AM-Portfolio-grp\am-portfolio\am-portfolio-data\portfolio-basket\target
[INFO] 
[INFO] --- resources:3.3.1:resources (default-resources) @ portfolio-basket ---
[INFO] Copying 0 resource from src\main\resources to target\classes
[INFO] Copying 2 resources from src\main\resources to target\classes
[INFO] 
[INFO] --- compiler:3.11.0:compile (default-compile) @ portfolio-basket ---
[INFO] Changes detected - recompiling the module! :dependency
[INFO] Compiling 9 source files with javac [debug release 17] to target\classes
[INFO] 
[INFO] --- resources:3.3.1:testResources (default-testResources) @ portfolio-basket ---
[INFO] Copying 3 resources from src\test\resources to target\test-classes
[INFO] 
[INFO] --- compiler:3.11.0:testCompile (default-testCompile) @ portfolio-basket ---
[INFO] Changes detected - recompiling the module! :dependency
[INFO] 
[INFO] --- surefire:3.1.2:test (default-test) @ portfolio-basket ---
[INFO] Tests are skipped.
[INFO] 
[INFO] --- jar:3.3.0:jar (default-jar) @ portfolio-basket ---
[INFO] Building jar: A:\InfraCode\AM-Portfolio-grp\am-portfolio\am-portfolio-data\portfolio-basket\target\portfolio-basket-1.0-SNAPSHOT.jar
[INFO] 
[INFO] -------------------< com.portfolio:portfolio-redis >--------------------
[INFO] Building portfolio-redis 1.0-SNAPSHOT                             [5/11]
[INFO]   from portfolio-redis\pom.xml
[INFO] --------------------------------[ jar ]---------------------------------
[INFO] 
[INFO] --- clean:3.3.2:clean (default-clean) @ portfolio-redis ---
[INFO] Deleting A:\InfraCode\AM-Portfolio-grp\am-portfolio\am-portfolio-data\portfolio-redis\target
[INFO] 
[INFO] --- resources:3.3.1:resources (default-resources) @ portfolio-redis ---
[INFO] Copying 0 resource from src\main\resources to target\classes
[INFO] Copying 1 resource from src\main\resources to target\classes
[INFO] 
[INFO] --- compiler:3.11.0:compile (default-compile) @ portfolio-redis ---
[INFO] Changes detected - recompiling the module! :dependency
[INFO] Compiling 10 source files with javac [debug release 17] to target\classes
[INFO] 
[INFO] --- resources:3.3.1:testResources (default-testResources) @ portfolio-redis ---
[INFO] skip non existing resourceDirectory A:\InfraCode\AM-Portfolio-grp\am-portfolio\am-portfolio-data\portfolio-redis\src\test\resources
[INFO] 
[INFO] --- compiler:3.11.0:testCompile (default-testCompile) @ portfolio-redis ---
[INFO] No sources to compile
[INFO] 
[INFO] --- surefire:3.1.2:test (default-test) @ portfolio-redis ---
[INFO] Tests are skipped.
[INFO] 
[INFO] --- jar:3.3.0:jar (default-jar) @ portfolio-redis ---
[INFO] Building jar: A:\InfraCode\AM-Portfolio-grp\am-portfolio\am-portfolio-data\portfolio-redis\target\portfolio-redis-1.0-SNAPSHOT.jar
[INFO] 
[INFO] ------------------< com.portfolio:portfolio-service >-------------------
[INFO] Building portfolio-service 1.0-SNAPSHOT                           [6/11]
[INFO]   from portfolio-service\pom.xml
[INFO] --------------------------------[ jar ]---------------------------------
[INFO] 
[INFO] --- clean:3.3.2:clean (default-clean) @ portfolio-service ---
[INFO] Deleting A:\InfraCode\AM-Portfolio-grp\am-portfolio\am-portfolio-data\portfolio-service\target
[INFO] 
[INFO] --- resources:3.3.1:resources (default-resources) @ portfolio-service ---
[INFO] skip non existing resourceDirectory A:\InfraCode\AM-Portfolio-grp\am-portfolio\am-portfolio-data\portfolio-service\src\main\resources
[INFO] skip non existing resourceDirectory A:\InfraCode\AM-Portfolio-grp\am-portfolio\am-portfolio-data\portfolio-service\src\main\resources
[INFO] 
[INFO] --- compiler:3.11.0:compile (default-compile) @ portfolio-service ---
[INFO] Changes detected - recompiling the module! :dependency
[INFO] Compiling 13 source files with javac [debug release 17] to target\classes
[INFO] 
[INFO] --- resources:3.3.1:testResources (default-testResources) @ portfolio-service ---
[INFO] skip non existing resourceDirectory A:\InfraCode\AM-Portfolio-grp\am-portfolio\am-portfolio-data\portfolio-service\src\test\resources
[INFO] 
[INFO] --- compiler:3.11.0:testCompile (default-testCompile) @ portfolio-service ---
[INFO] Changes detected - recompiling the module! :dependency
[INFO] Compiling 2 source files with javac [debug release 17] to target\test-classes
[INFO] 
[INFO] --- surefire:3.1.2:test (default-test) @ portfolio-service ---
[INFO] Tests are skipped.
[INFO] 
[INFO] --- jar:3.3.0:jar (default-jar) @ portfolio-service ---
[INFO] Building jar: A:\InfraCode\AM-Portfolio-grp\am-portfolio\am-portfolio-data\portfolio-service\target\portfolio-service-1.0-SNAPSHOT.jar
[INFO] 
[INFO] --- spring-boot:3.2.3:repackage (repackage) @ portfolio-service ---
[INFO] 
[INFO] -----------------< com.portfolio:portfolio-analytics >------------------
[INFO] Building Portfolio Analytics 1.0-SNAPSHOT                         [7/11]
[INFO]   from portfolio-analytics\pom.xml
[INFO] --------------------------------[ jar ]---------------------------------
[INFO] 
[INFO] --- clean:3.3.2:clean (default-clean) @ portfolio-analytics ---
[INFO] Deleting A:\InfraCode\AM-Portfolio-grp\am-portfolio\am-portfolio-data\portfolio-analytics\target
[INFO] 
[INFO] --- resources:3.3.1:resources (default-resources) @ portfolio-analytics ---
[INFO] skip non existing resourceDirectory A:\InfraCode\AM-Portfolio-grp\am-portfolio\am-portfolio-data\portfolio-analytics\src\main\resources
[INFO] skip non existing resourceDirectory A:\InfraCode\AM-Portfolio-grp\am-portfolio\am-portfolio-data\portfolio-analytics\src\main\resources
[INFO] 
[INFO] --- compiler:3.11.0:compile (default-compile) @ portfolio-analytics ---
[INFO] Changes detected - recompiling the module! :dependency
[INFO] Compiling 25 source files with javac [debug release 17] to target\classes
[INFO] 
[INFO] --- resources:3.3.1:testResources (default-testResources) @ portfolio-analytics ---
[INFO] skip non existing resourceDirectory A:\InfraCode\AM-Portfolio-grp\am-portfolio\am-portfolio-data\portfolio-analytics\src\test\resources
[INFO] 
[INFO] --- compiler:3.11.0:testCompile (default-testCompile) @ portfolio-analytics ---
[INFO] No sources to compile
[INFO] 
[INFO] --- surefire:3.1.2:test (default-test) @ portfolio-analytics ---
[INFO] Tests are skipped.
[INFO] 
[INFO] --- jar:3.3.0:jar (default-jar) @ portfolio-analytics ---
[INFO] Building jar: A:\InfraCode\AM-Portfolio-grp\am-portfolio\am-portfolio-data\portfolio-analytics\target\portfolio-analytics-1.0-SNAPSHOT.jar
[INFO] 
[INFO] --------------------< com.portfolio:portfolio-api >---------------------
[INFO] Building portfolio-api 1.0-SNAPSHOT                               [8/11]
[INFO]   from portfolio-api\pom.xml
[INFO] --------------------------------[ jar ]---------------------------------
[INFO] 
[INFO] --- clean:3.3.2:clean (default-clean) @ portfolio-api ---
[INFO] Deleting A:\InfraCode\AM-Portfolio-grp\am-portfolio\am-portfolio-data\portfolio-api\target
[INFO] 
[INFO] --- resources:3.3.1:resources (default-resources) @ portfolio-api ---
[INFO] Copying 0 resource from src\main\resources to target\classes
[INFO] Copying 0 resource from src\main\resources to target\classes
[INFO] 
[INFO] --- compiler:3.11.0:compile (default-compile) @ portfolio-api ---
[INFO] Changes detected - recompiling the module! :dependency
[INFO] Compiling 10 source files with javac [debug release 17] to target\classes
[INFO] 
[INFO] --- resources:3.3.1:testResources (default-testResources) @ portfolio-api ---
[INFO] skip non existing resourceDirectory A:\InfraCode\AM-Portfolio-grp\am-portfolio\am-portfolio-data\portfolio-api\src\test\resources
[INFO] 
[INFO] --- compiler:3.11.0:testCompile (default-testCompile) @ portfolio-api ---
[INFO] No sources to compile
[INFO] 
[INFO] --- surefire:3.1.2:test (default-test) @ portfolio-api ---
[INFO] Tests are skipped.
[INFO] 
[INFO] --- jar:3.3.0:jar (default-jar) @ portfolio-api ---
[INFO] Building jar: A:\InfraCode\AM-Portfolio-grp\am-portfolio\am-portfolio-data\portfolio-api\target\portfolio-api-1.0-SNAPSHOT.jar
[INFO] 
[INFO] -------------------< com.portfolio:portfolio-kafka >--------------------
[INFO] Building portfolio-kafka 1.0-SNAPSHOT                             [9/11]
[INFO]   from portfolio-kafka\pom.xml
[INFO] --------------------------------[ jar ]---------------------------------
[INFO] 
[INFO] --- clean:3.3.2:clean (default-clean) @ portfolio-kafka ---
[INFO] Deleting A:\InfraCode\AM-Portfolio-grp\am-portfolio\am-portfolio-data\portfolio-kafka\target
[INFO] 
[INFO] --- resources:3.3.1:resources (default-resources) @ portfolio-kafka ---
[INFO] skip non existing resourceDirectory A:\InfraCode\AM-Portfolio-grp\am-portfolio\am-portfolio-data\portfolio-kafka\src\main\resources
[INFO] skip non existing resourceDirectory A:\InfraCode\AM-Portfolio-grp\am-portfolio\am-portfolio-data\portfolio-kafka\src\main\resources
[INFO] 
[INFO] --- compiler:3.11.0:compile (default-compile) @ portfolio-kafka ---
[INFO] Changes detected - recompiling the module! :dependency
[INFO] Compiling 11 source files with javac [debug release 17] to target\classes
[INFO] 
[INFO] --- resources:3.3.1:testResources (default-testResources) @ portfolio-kafka ---
[INFO] skip non existing resourceDirectory A:\InfraCode\AM-Portfolio-grp\am-portfolio\am-portfolio-data\portfolio-kafka\src\test\resources
[INFO] 
[INFO] --- compiler:3.11.0:testCompile (default-testCompile) @ portfolio-kafka ---
[INFO] No sources to compile
[INFO] 
[INFO] --- surefire:3.1.2:test (default-test) @ portfolio-kafka ---
[INFO] Tests are skipped.
[INFO] 
[INFO] --- jar:3.3.0:jar (default-jar) @ portfolio-kafka ---
[INFO] Building jar: A:\InfraCode\AM-Portfolio-grp\am-portfolio\am-portfolio-data\portfolio-kafka\target\portfolio-kafka-1.0-SNAPSHOT.jar
[INFO] 
[INFO] --------------------< com.portfolio:portfolio-app >---------------------
[INFO] Building portfolio-app 1.0-SNAPSHOT                              [10/11]
[INFO]   from portfolio-app\pom.xml
[INFO] --------------------------------[ jar ]---------------------------------
[INFO] 
[INFO] --- clean:3.3.2:clean (default-clean) @ portfolio-app ---
[INFO] Deleting A:\InfraCode\AM-Portfolio-grp\am-portfolio\am-portfolio-data\portfolio-app\target
[INFO] 
[INFO] --- resources:3.3.1:resources (default-resources) @ portfolio-app ---
[INFO] Copying 2 resources from src\main\resources to target\classes
[INFO] Copying 1 resource from src\main\resources to target\classes
[INFO] 
[INFO] --- compiler:3.11.0:compile (default-compile) @ portfolio-app ---
[INFO] Changes detected - recompiling the module! :dependency
[INFO] Compiling 7 source files with javac [debug release 17] to target\classes
[INFO] 
[INFO] --- resources:3.3.1:testResources (default-testResources) @ portfolio-app ---
[INFO] skip non existing resourceDirectory A:\InfraCode\AM-Portfolio-grp\am-portfolio\am-portfolio-data\portfolio-app\src\test\resources
[INFO] 
[INFO] --- compiler:3.11.0:testCompile (default-testCompile) @ portfolio-app ---
[INFO] No sources to compile
[INFO] 
[INFO] --- surefire:3.1.2:test (default-test) @ portfolio-app ---
[INFO] Tests are skipped.
[INFO] 
[INFO] --- jar:3.3.0:jar (default-jar) @ portfolio-app ---
[INFO] Building jar: A:\InfraCode\AM-Portfolio-grp\am-portfolio\am-portfolio-data\portfolio-app\target\portfolio-app-1.0-SNAPSHOT.jar
[INFO] 
[INFO] --- spring-boot:3.2.3:repackage (repackage) @ portfolio-app ---
[INFO] Replacing main artifact A:\InfraCode\AM-Portfolio-grp\am-portfolio\am-portfolio-data\portfolio-app\target\portfolio-app-1.0-SNAPSHOT.jar with repackaged archive, adding nested dependencies in BOOT-INF/.
[INFO] The original artifact has been renamed to A:\InfraCode\AM-Portfolio-grp\am-portfolio\am-portfolio-data\portfolio-app\target\portfolio-app-1.0-SNAPSHOT.jar.original
[INFO] 
[INFO] --- spring-boot:3.2.3:repackage (default) @ portfolio-app ---
[INFO] Replacing main artifact A:\InfraCode\AM-Portfolio-grp\am-portfolio\am-portfolio-data\portfolio-app\target\portfolio-app-1.0-SNAPSHOT.jar with repackaged archive, adding nested dependencies in BOOT-INF/.
[INFO] The original artifact has been renamed to A:\InfraCode\AM-Portfolio-grp\am-portfolio\am-portfolio-data\portfolio-app\target\portfolio-app-1.0-SNAPSHOT.jar.original
[INFO] 
[INFO] --------------------< com.portfolio:portfolio-sdk >---------------------
[INFO] Building portfolio-sdk 1.0-SNAPSHOT                              [11/11]
[INFO]   from portfolio-sdk\pom.xml
[INFO] --------------------------------[ jar ]---------------------------------
[INFO] 
[INFO] --- clean:3.3.2:clean (default-clean) @ portfolio-sdk ---
[INFO] Deleting A:\InfraCode\AM-Portfolio-grp\am-portfolio\am-portfolio-data\portfolio-sdk\target
[INFO] 
[INFO] --- openapi-generator:7.2.0:generate (generate-dart-client) @ portfolio-sdk ---
[INFO] Generating with dryRun=false
[INFO] OpenAPI Generator: dart (client)
[INFO] Generator 'dart' is considered stable.
[INFO] Environment variable DART_POST_PROCESS_FILE not defined so the Dart code may not be properly formatted. To define it, try `export DART_POST_PROCESS_FILE="/usr/local/bin/dartfmt -w"` (Linux/Mac)
[INFO] NOTE: To enable file post-processing, 'enablePostProcessFile' must be set to `true` (--enable-post-process-file for CLI).
[INFO] Using serialization library json_serializable
[INFO] writing file A:\InfraCode\AM-Portfolio-grp\am-portfolio\am-portfolio-data\portfolio-sdk\..\..\am_portfolio_client\lib\model\advanced_analytics_request.dart
[INFO] Skipped A:\InfraCode\AM-Portfolio-grp\am-portfolio\am-portfolio-data\portfolio-sdk\..\..\am_portfolio_client\test\advanced_analytics_request_test.dart (Test files never overwrite an existing file of the same name.)
[INFO] writing file A:\InfraCode\AM-Portfolio-grp\am-portfolio\am-portfolio-data\portfolio-sdk\..\..\am_portfolio_client\doc\AdvancedAnalyticsRequest.md
[INFO] writing file A:\InfraCode\AM-Portfolio-grp\am-portfolio\am-portfolio-data\portfolio-sdk\..\..\am_portfolio_client\lib\model\advanced_analytics_response.dart
[INFO] Skipped A:\InfraCode\AM-Portfolio-grp\am-portfolio\am-portfolio-data\portfolio-sdk\..\..\am_portfolio_client\test\advanced_analytics_response_test.dart (Test files never overwrite an existing file of the same name.)
[INFO] writing file A:\InfraCode\AM-Portfolio-grp\am-portfolio\am-portfolio-data\portfolio-sdk\..\..\am_portfolio_client\doc\AdvancedAnalyticsResponse.md
[INFO] writing file A:\InfraCode\AM-Portfolio-grp\am-portfolio\am-portfolio-data\portfolio-sdk\..\..\am_portfolio_client\lib\model\analytics_component.dart
[INFO] Skipped A:\InfraCode\AM-Portfolio-grp\am-portfolio\am-portfolio-data\portfolio-sdk\..\..\am_portfolio_client\test\analytics_component_test.dart (Test files never overwrite an existing file of the same name.)
[INFO] writing file A:\InfraCode\AM-Portfolio-grp\am-portfolio\am-portfolio-data\portfolio-sdk\..\..\am_portfolio_client\doc\AnalyticsComponent.md
[INFO] writing file A:\InfraCode\AM-Portfolio-grp\am-portfolio\am-portfolio-data\portfolio-sdk\..\..\am_portfolio_client\lib\model\broker_portfolio_summary.dart
[INFO] Skipped A:\InfraCode\AM-Portfolio-grp\am-portfolio\am-portfolio-data\portfolio-sdk\..\..\am_portfolio_client\test\broker_portfolio_summary_test.dart (Test files never overwrite an existing file of the same name.)
[INFO] writing file A:\InfraCode\AM-Portfolio-grp\am-portfolio\am-portfolio-data\portfolio-sdk\..\..\am_portfolio_client\doc\BrokerPortfolioSummary.md
[INFO] writing file A:\InfraCode\AM-Portfolio-grp\am-portfolio\am-portfolio-data\portfolio-sdk\..\..\am_portfolio_client\lib\model\cap_segment.dart
[INFO] Skipped A:\InfraCode\AM-Portfolio-grp\am-portfolio\am-portfolio-data\portfolio-sdk\..\..\am_portfolio_client\test\cap_segment_test.dart (Test files never overwrite an existing file of the same name.)
[INFO] writing file A:\InfraCode\AM-Portfolio-grp\am-portfolio\am-portfolio-data\portfolio-sdk\..\..\am_portfolio_client\doc\CapSegment.md
[INFO] writing file A:\InfraCode\AM-Portfolio-grp\am-portfolio\am-portfolio-data\portfolio-sdk\..\..\am_portfolio_client\lib\model\chart_paths.dart
[INFO] Skipped A:\InfraCode\AM-Portfolio-grp\am-portfolio\am-portfolio-data\portfolio-sdk\..\..\am_portfolio_client\test\chart_paths_test.dart (Test files never overwrite an existing file of the same name.)
[INFO] writing file A:\InfraCode\AM-Portfolio-grp\am-portfolio\am-portfolio-data\portfolio-sdk\..\..\am_portfolio_client\doc\ChartPaths.md
[INFO] writing file A:\InfraCode\AM-Portfolio-grp\am-portfolio\am-portfolio-data\portfolio-sdk\..\..\am_portfolio_client\lib\model\core_identifiers.dart
[INFO] Skipped A:\InfraCode\AM-Portfolio-grp\am-portfolio\am-portfolio-data\portfolio-sdk\..\..\am_portfolio_client\test\core_identifiers_test.dart (Test files never overwrite an existing file of the same name.)
[INFO] writing file A:\InfraCode\AM-Portfolio-grp\am-portfolio\am-portfolio-data\portfolio-sdk\..\..\am_portfolio_client\doc\CoreIdentifiers.md
[INFO] writing file A:\InfraCode\AM-Portfolio-grp\am-portfolio\am-portfolio-data\portfolio-sdk\..\..\am_portfolio_client\lib\model\equity_broker_holding.dart
[INFO] Skipped A:\InfraCode\AM-Portfolio-grp\am-portfolio\am-portfolio-data\portfolio-sdk\..\..\am_portfolio_client\test\equity_broker_holding_test.dart (Test files never overwrite an existing file of the same name.)
[INFO] writing file A:\InfraCode\AM-Portfolio-grp\am-portfolio\am-portfolio-data\portfolio-sdk\..\..\am_portfolio_client\doc\EquityBrokerHolding.md
[INFO] writing file A:\InfraCode\AM-Portfolio-grp\am-portfolio\am-portfolio-data\portfolio-sdk\..\..\am_portfolio_client\lib\model\equity_holdings.dart
[INFO] Skipped A:\InfraCode\AM-Portfolio-grp\am-portfolio\am-portfolio-data\portfolio-sdk\..\..\am_portfolio_client\test\equity_holdings_test.dart (Test files never overwrite an existing file of the same name.)
[INFO] writing file A:\InfraCode\AM-Portfolio-grp\am-portfolio\am-portfolio-data\portfolio-sdk\..\..\am_portfolio_client\doc\EquityHoldings.md
[INFO] writing file A:\InfraCode\AM-Portfolio-grp\am-portfolio\am-portfolio-data\portfolio-sdk\..\..\am_portfolio_client\lib\model\equity_model.dart
[INFO] Skipped A:\InfraCode\AM-Portfolio-grp\am-portfolio\am-portfolio-data\portfolio-sdk\..\..\am_portfolio_client\test\equity_model_test.dart (Test files never overwrite an existing file of the same name.)
[INFO] writing file A:\InfraCode\AM-Portfolio-grp\am-portfolio\am-portfolio-data\portfolio-sdk\..\..\am_portfolio_client\doc\EquityModel.md
[INFO] writing file A:\InfraCode\AM-Portfolio-grp\am-portfolio\am-portfolio-data\portfolio-sdk\..\..\am_portfolio_client\lib\model\feature_configuration.dart
[INFO] Skipped A:\InfraCode\AM-Portfolio-grp\am-portfolio\am-portfolio-data\portfolio-sdk\..\..\am_portfolio_client\test\feature_configuration_test.dart (Test files never overwrite an existing file of the same name.)
[INFO] writing file A:\InfraCode\AM-Portfolio-grp\am-portfolio\am-portfolio-data\portfolio-sdk\..\..\am_portfolio_client\doc\FeatureConfiguration.md
[INFO] writing file A:\InfraCode\AM-Portfolio-grp\am-portfolio\am-portfolio-data\portfolio-sdk\..\..\am_portfolio_client\lib\model\feature_toggles.dart
[INFO] Skipped A:\InfraCode\AM-Portfolio-grp\am-portfolio\am-portfolio-data\portfolio-sdk\..\..\am_portfolio_client\test\feature_toggles_test.dart (Test files never overwrite an existing file of the same name.)
[INFO] writing file A:\InfraCode\AM-Portfolio-grp\am-portfolio\am-portfolio-data\portfolio-sdk\..\..\am_portfolio_client\doc\FeatureToggles.md
[INFO] writing file A:\InfraCode\AM-Portfolio-grp\am-portfolio\am-portfolio-data\portfolio-sdk\..\..\am_portfolio_client\lib\model\fundamental_ratios.dart
[INFO] Skipped A:\InfraCode\AM-Portfolio-grp\am-portfolio\am-portfolio-data\portfolio-sdk\..\..\am_portfolio_client\test\fundamental_ratios_test.dart (Test files never overwrite an existing file of the same name.)
[INFO] writing file A:\InfraCode\AM-Portfolio-grp\am-portfolio\am-portfolio-data\portfolio-sdk\..\..\am_portfolio_client\doc\FundamentalRatios.md
[INFO] writing file A:\InfraCode\AM-Portfolio-grp\am-portfolio\am-portfolio-data\portfolio-sdk\..\..\am_portfolio_client\lib\model\gainer_loser.dart
[INFO] Skipped A:\InfraCode\AM-Portfolio-grp\am-portfolio\am-portfolio-data\portfolio-sdk\..\..\am_portfolio_client\test\gainer_loser_test.dart (Test files never overwrite an existing file of the same name.)
[INFO] writing file A:\InfraCode\AM-Portfolio-grp\am-portfolio\am-portfolio-data\portfolio-sdk\..\..\am_portfolio_client\doc\GainerLoser.md
[INFO] writing file A:\InfraCode\AM-Portfolio-grp\am-portfolio\am-portfolio-data\portfolio-sdk\..\..\am_portfolio_client\lib\model\heatmap.dart
[INFO] Skipped A:\InfraCode\AM-Portfolio-grp\am-portfolio\am-portfolio-data\portfolio-sdk\..\..\am_portfolio_client\test\heatmap_test.dart (Test files never overwrite an existing file of the same name.)
[INFO] writing file A:\InfraCode\AM-Portfolio-grp\am-portfolio\am-portfolio-data\portfolio-sdk\..\..\am_portfolio_client\doc\Heatmap.md
[INFO] writing file A:\InfraCode\AM-Portfolio-grp\am-portfolio\am-portfolio-data\portfolio-sdk\..\..\am_portfolio_client\lib\model\historical_comparison.dart
[INFO] Skipped A:\InfraCode\AM-Portfolio-grp\am-portfolio\am-portfolio-data\portfolio-sdk\..\..\am_portfolio_client\test\historical_comparison_test.dart (Test files never overwrite an existing file of the same name.)
[INFO] writing file A:\InfraCode\AM-Portfolio-grp\am-portfolio\am-portfolio-data\portfolio-sdk\..\..\am_portfolio_client\doc\HistoricalComparison.md
[INFO] writing file A:\InfraCode\AM-Portfolio-grp\am-portfolio\am-portfolio-data\portfolio-sdk\..\..\am_portfolio_client\lib\model\index_indices.dart
[INFO] Skipped A:\InfraCode\AM-Portfolio-grp\am-portfolio\am-portfolio-data\portfolio-sdk\..\..\am_portfolio_client\test\index_indices_test.dart (Test files never overwrite an existing file of the same name.)
[INFO] writing file A:\InfraCode\AM-Portfolio-grp\am-portfolio\am-portfolio-data\portfolio-sdk\..\..\am_portfolio_client\doc\IndexIndices.md
[INFO] writing file A:\InfraCode\AM-Portfolio-grp\am-portfolio\am-portfolio-data\portfolio-sdk\..\..\am_portfolio_client\lib\model\industry_weight.dart
[INFO] Skipped A:\InfraCode\AM-Portfolio-grp\am-portfolio\am-portfolio-data\portfolio-sdk\..\..\am_portfolio_client\test\industry_weight_test.dart (Test files never overwrite an existing file of the same name.)
[INFO] writing file A:\InfraCode\AM-Portfolio-grp\am-portfolio\am-portfolio-data\portfolio-sdk\..\..\am_portfolio_client\doc\IndustryWeight.md
[INFO] writing file A:\InfraCode\AM-Portfolio-grp\am-portfolio\am-portfolio-data\portfolio-sdk\..\..\am_portfolio_client\lib\model\market_breadth.dart
[INFO] Skipped A:\InfraCode\AM-Portfolio-grp\am-portfolio\am-portfolio-data\portfolio-sdk\..\..\am_portfolio_client\test\market_breadth_test.dart (Test files never overwrite an existing file of the same name.)
[INFO] writing file A:\InfraCode\AM-Portfolio-grp\am-portfolio\am-portfolio-data\portfolio-sdk\..\..\am_portfolio_client\doc\MarketBreadth.md
[INFO] writing file A:\InfraCode\AM-Portfolio-grp\am-portfolio\am-portfolio-data\portfolio-sdk\..\..\am_portfolio_client\lib\model\market_cap_allocation.dart
[INFO] Skipped A:\InfraCode\AM-Portfolio-grp\am-portfolio\am-portfolio-data\portfolio-sdk\..\..\am_portfolio_client\test\market_cap_allocation_test.dart (Test files never overwrite an existing file of the same name.)
[INFO] writing file A:\InfraCode\AM-Portfolio-grp\am-portfolio\am-portfolio-data\portfolio-sdk\..\..\am_portfolio_client\doc\MarketCapAllocation.md
[INFO] writing file A:\InfraCode\AM-Portfolio-grp\am-portfolio\am-portfolio-data\portfolio-sdk\..\..\am_portfolio_client\lib\model\market_data.dart
[INFO] Skipped A:\InfraCode\AM-Portfolio-grp\am-portfolio\am-portfolio-data\portfolio-sdk\..\..\am_portfolio_client\test\market_data_test.dart (Test files never overwrite an existing file of the same name.)
[INFO] writing file A:\InfraCode\AM-Portfolio-grp\am-portfolio\am-portfolio-data\portfolio-sdk\..\..\am_portfolio_client\doc\MarketData.md
[INFO] writing file A:\InfraCode\AM-Portfolio-grp\am-portfolio\am-portfolio-data\portfolio-sdk\..\..\am_portfolio_client\lib\model\market_data_model.dart
[INFO] Skipped A:\InfraCode\AM-Portfolio-grp\am-portfolio\am-portfolio-data\portfolio-sdk\..\..\am_portfolio_client\test\market_data_model_test.dart (Test files never overwrite an existing file of the same name.)
[INFO] writing file A:\InfraCode\AM-Portfolio-grp\am-portfolio\am-portfolio-data\portfolio-sdk\..\..\am_portfolio_client\doc\MarketDataModel.md
[INFO] writing file A:\InfraCode\AM-Portfolio-grp\am-portfolio\am-portfolio-data\portfolio-sdk\..\..\am_portfolio_client\lib\model\market_index_indices.dart
[INFO] Skipped A:\InfraCode\AM-Portfolio-grp\am-portfolio\am-portfolio-data\portfolio-sdk\..\..\am_portfolio_client\test\market_index_indices_test.dart (Test files never overwrite an existing file of the same name.)
[INFO] writing file A:\InfraCode\AM-Portfolio-grp\am-portfolio\am-portfolio-data\portfolio-sdk\..\..\am_portfolio_client\doc\MarketIndexIndices.md
[INFO] writing file A:\InfraCode\AM-Portfolio-grp\am-portfolio\am-portfolio-data\portfolio-sdk\..\..\am_portfolio_client\lib\model\ohlcv_model.dart
[INFO] Skipped A:\InfraCode\AM-Portfolio-grp\am-portfolio\am-portfolio-data\portfolio-sdk\..\..\am_portfolio_client\test\ohlcv_model_test.dart (Test files never overwrite an existing file of the same name.)
[INFO] writing file A:\InfraCode\AM-Portfolio-grp\am-portfolio\am-portfolio-data\portfolio-sdk\..\..\am_portfolio_client\doc\OHLCVModel.md
[INFO] writing file A:\InfraCode\AM-Portfolio-grp\am-portfolio\am-portfolio-data\portfolio-sdk\..\..\am_portfolio_client\lib\model\pagination_request.dart
[INFO] Skipped A:\InfraCode\AM-Portfolio-grp\am-portfolio\am-portfolio-data\portfolio-sdk\..\..\am_portfolio_client\test\pagination_request_test.dart (Test files never overwrite an existing file of the same name.)
[INFO] writing file A:\InfraCode\AM-Portfolio-grp\am-portfolio\am-portfolio-data\portfolio-sdk\..\..\am_portfolio_client\doc\PaginationRequest.md
[INFO] writing file A:\InfraCode\AM-Portfolio-grp\am-portfolio\am-portfolio-data\portfolio-sdk\..\..\am_portfolio_client\lib\model\performance_metrics.dart
[INFO] Skipped A:\InfraCode\AM-Portfolio-grp\am-portfolio\am-portfolio-data\portfolio-sdk\..\..\am_portfolio_client\test\performance_metrics_test.dart (Test files never overwrite an existing file of the same name.)
[INFO] writing file A:\InfraCode\AM-Portfolio-grp\am-portfolio\am-portfolio-data\portfolio-sdk\..\..\am_portfolio_client\doc\PerformanceMetrics.md
[INFO] writing file A:\InfraCode\AM-Portfolio-grp\am-portfolio\am-portfolio-data\portfolio-sdk\..\..\am_portfolio_client\lib\model\portfolio_basic_info.dart
[INFO] Skipped A:\InfraCode\AM-Portfolio-grp\am-portfolio\am-portfolio-data\portfolio-sdk\..\..\am_portfolio_client\test\portfolio_basic_info_test.dart (Test files never overwrite an existing file of the same name.)
[INFO] writing file A:\InfraCode\AM-Portfolio-grp\am-portfolio\am-portfolio-data\portfolio-sdk\..\..\am_portfolio_client\doc\PortfolioBasicInfo.md
[INFO] writing file A:\InfraCode\AM-Portfolio-grp\am-portfolio\am-portfolio-data\portfolio-sdk\..\..\am_portfolio_client\lib\model\portfolio_holdings.dart
[INFO] Skipped A:\InfraCode\AM-Portfolio-grp\am-portfolio\am-portfolio-data\portfolio-sdk\..\..\am_portfolio_client\test\portfolio_holdings_test.dart (Test files never overwrite an existing file of the same name.)
[INFO] writing file A:\InfraCode\AM-Portfolio-grp\am-portfolio\am-portfolio-data\portfolio-sdk\..\..\am_portfolio_client\doc\PortfolioHoldings.md
[INFO] writing file A:\InfraCode\AM-Portfolio-grp\am-portfolio\am-portfolio-data\portfolio-sdk\..\..\am_portfolio_client\lib\model\portfolio_model_v1.dart
[INFO] Skipped A:\InfraCode\AM-Portfolio-grp\am-portfolio\am-portfolio-data\portfolio-sdk\..\..\am_portfolio_client\test\portfolio_model_v1_test.dart (Test files never overwrite an existing file of the same name.)
[INFO] writing file A:\InfraCode\AM-Portfolio-grp\am-portfolio\am-portfolio-data\portfolio-sdk\..\..\am_portfolio_client\doc\PortfolioModelV1.md
[INFO] writing file A:\InfraCode\AM-Portfolio-grp\am-portfolio\am-portfolio-data\portfolio-sdk\..\..\am_portfolio_client\lib\model\portfolio_summary_v1.dart
[INFO] Skipped A:\InfraCode\AM-Portfolio-grp\am-portfolio\am-portfolio-data\portfolio-sdk\..\..\am_portfolio_client\test\portfolio_summary_v1_test.dart (Test files never overwrite an existing file of the same name.)
[INFO] writing file A:\InfraCode\AM-Portfolio-grp\am-portfolio\am-portfolio-data\portfolio-sdk\..\..\am_portfolio_client\doc\PortfolioSummaryV1.md
[INFO] writing file A:\InfraCode\AM-Portfolio-grp\am-portfolio\am-portfolio-data\portfolio-sdk\..\..\am_portfolio_client\lib\model\sector_allocation.dart
[INFO] Skipped A:\InfraCode\AM-Portfolio-grp\am-portfolio\am-portfolio-data\portfolio-sdk\..\..\am_portfolio_client\test\sector_allocation_test.dart (Test files never overwrite an existing file of the same name.)
[INFO] writing file A:\InfraCode\AM-Portfolio-grp\am-portfolio\am-portfolio-data\portfolio-sdk\..\..\am_portfolio_client\doc\SectorAllocation.md
[INFO] writing file A:\InfraCode\AM-Portfolio-grp\am-portfolio\am-portfolio-data\portfolio-sdk\..\..\am_portfolio_client\lib\model\sector_movement.dart
[INFO] Skipped A:\InfraCode\AM-Portfolio-grp\am-portfolio\am-portfolio-data\portfolio-sdk\..\..\am_portfolio_client\test\sector_movement_test.dart (Test files never overwrite an existing file of the same name.)
[INFO] writing file A:\InfraCode\AM-Portfolio-grp\am-portfolio\am-portfolio-data\portfolio-sdk\..\..\am_portfolio_client\doc\SectorMovement.md
[INFO] writing file A:\InfraCode\AM-Portfolio-grp\am-portfolio\am-portfolio-data\portfolio-sdk\..\..\am_portfolio_client\lib\model\sector_performance.dart
[INFO] Skipped A:\InfraCode\AM-Portfolio-grp\am-portfolio\am-portfolio-data\portfolio-sdk\..\..\am_portfolio_client\test\sector_performance_test.dart (Test files never overwrite an existing file of the same name.)
[INFO] writing file A:\InfraCode\AM-Portfolio-grp\am-portfolio\am-portfolio-data\portfolio-sdk\..\..\am_portfolio_client\doc\SectorPerformance.md
[INFO] writing file A:\InfraCode\AM-Portfolio-grp\am-portfolio\am-portfolio-data\portfolio-sdk\..\..\am_portfolio_client\lib\model\sector_weight.dart
[INFO] Skipped A:\InfraCode\AM-Portfolio-grp\am-portfolio\am-portfolio-data\portfolio-sdk\..\..\am_portfolio_client\test\sector_weight_test.dart (Test files never overwrite an existing file of the same name.)
[INFO] writing file A:\InfraCode\AM-Portfolio-grp\am-portfolio\am-portfolio-data\portfolio-sdk\..\..\am_portfolio_client\doc\SectorWeight.md
[INFO] writing file A:\InfraCode\AM-Portfolio-grp\am-portfolio\am-portfolio-data\portfolio-sdk\..\..\am_portfolio_client\lib\model\stock_detail.dart
[INFO] Skipped A:\InfraCode\AM-Portfolio-grp\am-portfolio\am-portfolio-data\portfolio-sdk\..\..\am_portfolio_client\test\stock_detail_test.dart (Test files never overwrite an existing file of the same name.)
[INFO] writing file A:\InfraCode\AM-Portfolio-grp\am-portfolio\am-portfolio-data\portfolio-sdk\..\..\am_portfolio_client\doc\StockDetail.md
[INFO] writing file A:\InfraCode\AM-Portfolio-grp\am-portfolio\am-portfolio-data\portfolio-sdk\..\..\am_portfolio_client\lib\model\stock_movement.dart
[INFO] Skipped A:\InfraCode\AM-Portfolio-grp\am-portfolio\am-portfolio-data\portfolio-sdk\..\..\am_portfolio_client\test\stock_movement_test.dart (Test files never overwrite an existing file of the same name.)
[INFO] writing file A:\InfraCode\AM-Portfolio-grp\am-portfolio\am-portfolio-data\portfolio-sdk\..\..\am_portfolio_client\doc\StockMovement.md
[INFO] writing file A:\InfraCode\AM-Portfolio-grp\am-portfolio\am-portfolio-data\portfolio-sdk\..\..\am_portfolio_client\lib\model\time_frame_request.dart
[INFO] Skipped A:\InfraCode\AM-Portfolio-grp\am-portfolio\am-portfolio-data\portfolio-sdk\..\..\am_portfolio_client\test\time_frame_request_test.dart (Test files never overwrite an existing file of the same name.)
[INFO] writing file A:\InfraCode\AM-Portfolio-grp\am-portfolio\am-portfolio-data\portfolio-sdk\..\..\am_portfolio_client\doc\TimeFrameRequest.md
[INFO] writing file A:\InfraCode\AM-Portfolio-grp\am-portfolio\am-portfolio-data\portfolio-sdk\..\..\am_portfolio_client\lib\model\time_series_data_model.dart
[INFO] Skipped A:\InfraCode\AM-Portfolio-grp\am-portfolio\am-portfolio-data\portfolio-sdk\..\..\am_portfolio_client\test\time_series_data_model_test.dart (Test files never overwrite an existing file of the same name.)
[INFO] writing file A:\InfraCode\AM-Portfolio-grp\am-portfolio\am-portfolio-data\portfolio-sdk\..\..\am_portfolio_client\doc\TimeSeriesDataModel.md
[INFO] writing file A:\InfraCode\AM-Portfolio-grp\am-portfolio\am-portfolio-data\portfolio-sdk\..\..\am_portfolio_client\lib\api\index_analytics_api.dart
[INFO] Skipped A:\InfraCode\AM-Portfolio-grp\am-portfolio\am-portfolio-data\portfolio-sdk\..\..\am_portfolio_client\test\index_analytics_api_test.dart (Test files never overwrite an existing file of the same name.)
[INFO] writing file A:\InfraCode\AM-Portfolio-grp\am-portfolio\am-portfolio-data\portfolio-sdk\..\..\am_portfolio_client\doc\IndexAnalyticsApi.md
[INFO] writing file A:\InfraCode\AM-Portfolio-grp\am-portfolio\am-portfolio-data\portfolio-sdk\..\..\am_portfolio_client\lib\api\market_indices_api.dart
[INFO] Skipped A:\InfraCode\AM-Portfolio-grp\am-portfolio\am-portfolio-data\portfolio-sdk\..\..\am_portfolio_client\test\market_indices_api_test.dart (Test files never overwrite an existing file of the same name.)
[INFO] writing file A:\InfraCode\AM-Portfolio-grp\am-portfolio\am-portfolio-data\portfolio-sdk\..\..\am_portfolio_client\doc\MarketIndicesApi.md
[INFO] writing file A:\InfraCode\AM-Portfolio-grp\am-portfolio\am-portfolio-data\portfolio-sdk\..\..\am_portfolio_client\lib\api\portfolio_analytics_api.dart
[INFO] Skipped A:\InfraCode\AM-Portfolio-grp\am-portfolio\am-portfolio-data\portfolio-sdk\..\..\am_portfolio_client\test\portfolio_analytics_api_test.dart (Test files never overwrite an existing file of the same name.)
[INFO] writing file A:\InfraCode\AM-Portfolio-grp\am-portfolio\am-portfolio-data\portfolio-sdk\..\..\am_portfolio_client\doc\PortfolioAnalyticsApi.md
[INFO] writing file A:\InfraCode\AM-Portfolio-grp\am-portfolio\am-portfolio-data\portfolio-sdk\..\..\am_portfolio_client\lib\api\portfolio_management_api.dart
[INFO] Skipped A:\InfraCode\AM-Portfolio-grp\am-portfolio\am-portfolio-data\portfolio-sdk\..\..\am_portfolio_client\test\portfolio_management_api_test.dart (Test files never overwrite an existing file of the same name.)
[INFO] writing file A:\InfraCode\AM-Portfolio-grp\am-portfolio\am-portfolio-data\portfolio-sdk\..\..\am_portfolio_client\doc\PortfolioManagementApi.md
[INFO] Skipping generation of Webhooks.
[INFO] writing file A:\InfraCode\AM-Portfolio-grp\am-portfolio\am-portfolio-data\portfolio-sdk\..\..\am_portfolio_client\pubspec.yaml
[INFO] writing file A:\InfraCode\AM-Portfolio-grp\am-portfolio\am-portfolio-data\portfolio-sdk\..\..\am_portfolio_client\analysis_options.yaml
[INFO] writing file A:\InfraCode\AM-Portfolio-grp\am-portfolio\am-portfolio-data\portfolio-sdk\..\..\am_portfolio_client\lib\api_client.dart
[INFO] writing file A:\InfraCode\AM-Portfolio-grp\am-portfolio\am-portfolio-data\portfolio-sdk\..\..\am_portfolio_client\lib\api_exception.dart
[INFO] writing file A:\InfraCode\AM-Portfolio-grp\am-portfolio\am-portfolio-data\portfolio-sdk\..\..\am_portfolio_client\lib\api_helper.dart
[INFO] writing file A:\InfraCode\AM-Portfolio-grp\am-portfolio\am-portfolio-data\portfolio-sdk\..\..\am_portfolio_client\lib\api.dart
[INFO] writing file A:\InfraCode\AM-Portfolio-grp\am-portfolio\am-portfolio-data\portfolio-sdk\..\..\am_portfolio_client\lib\auth\authentication.dart
[INFO] writing file A:\InfraCode\AM-Portfolio-grp\am-portfolio\am-portfolio-data\portfolio-sdk\..\..\am_portfolio_client\lib\auth\http_basic_auth.dart
[INFO] writing file A:\InfraCode\AM-Portfolio-grp\am-portfolio\am-portfolio-data\portfolio-sdk\..\..\am_portfolio_client\lib\auth\http_bearer_auth.dart
[INFO] writing file A:\InfraCode\AM-Portfolio-grp\am-portfolio\am-portfolio-data\portfolio-sdk\..\..\am_portfolio_client\lib\auth\api_key_auth.dart
[INFO] writing file A:\InfraCode\AM-Portfolio-grp\am-portfolio\am-portfolio-data\portfolio-sdk\..\..\am_portfolio_client\lib\auth\oauth.dart
[INFO] writing file A:\InfraCode\AM-Portfolio-grp\am-portfolio\am-portfolio-data\portfolio-sdk\..\..\am_portfolio_client\git_push.sh
[INFO] writing file A:\InfraCode\AM-Portfolio-grp\am-portfolio\am-portfolio-data\portfolio-sdk\..\..\am_portfolio_client\.gitignore
[INFO] writing file A:\InfraCode\AM-Portfolio-grp\am-portfolio\am-portfolio-data\portfolio-sdk\..\..\am_portfolio_client\README.md
[INFO] writing file A:\InfraCode\AM-Portfolio-grp\am-portfolio\am-portfolio-data\portfolio-sdk\..\..\am_portfolio_client\.travis.yml
[INFO] Skipped A:\InfraCode\AM-Portfolio-grp\am-portfolio\am-portfolio-data\portfolio-sdk\..\..\am_portfolio_client\.openapi-generator-ignore (Skipped by supportingFiles options supplied by user.)
[INFO] writing file A:\InfraCode\AM-Portfolio-grp\am-portfolio\am-portfolio-data\portfolio-sdk\..\..\am_portfolio_client\.openapi-generator\VERSION
[INFO] writing file A:\InfraCode\AM-Portfolio-grp\am-portfolio\am-portfolio-data\portfolio-sdk\..\..\am_portfolio_client\.openapi-generator\FILES
################################################################################
# Thanks for using OpenAPI Generator.                                          #
# Please consider donation to help us maintain this project ?                 #
# https://opencollective.com/openapi_generator/donate                          #
################################################################################
[INFO] 
[INFO] --- openapi-generator:7.2.0:generate (generate-java-client) @ portfolio-sdk ---
[INFO] Generating with dryRun=false
[INFO] Output directory (A:\InfraCode\AM-Portfolio-grp\am-portfolio\am-portfolio-data\portfolio-sdk\target\generated-sources\java) does not exist, or is inaccessible. No file (.openapi-generator-ignore) will be evaluated.
[INFO] OpenAPI Generator: java (client)
[INFO] Generator 'java' is considered stable.
[INFO] Environment variable JAVA_POST_PROCESS_FILE not defined so the Java code may not be properly formatted. To define it, try 'export JAVA_POST_PROCESS_FILE="/usr/local/bin/clang-format -i"' (Linux/Mac)
[INFO] NOTE: To enable file post-processing, 'enablePostProcessFile' must be set to `true` (--enable-post-process-file for CLI).
[INFO] Invoker Package Name, originally not set, is now derived from api package name: com.portfolio.client
[INFO] Processing operation getAdvancedAnalytics
[INFO] Processing operation getAdvancedAnalytics_1
[INFO] Processing operation getPortfolios
[INFO] Processing operation getPortfolioById
[INFO] Processing operation getPortfolioSummary
[INFO] Processing operation getPortfolioBasicDetails
[INFO] Processing operation getPortfolioHoldings
[INFO] Processing operation getAllMarketIndices
[INFO] writing file A:\InfraCode\AM-Portfolio-grp\am-portfolio\am-portfolio-data\portfolio-sdk\target\generated-sources\java\src\main\java\com\portfolio\client\model\AdvancedAnalyticsRequest.java
[INFO] writing file A:\InfraCode\AM-Portfolio-grp\am-portfolio\am-portfolio-data\portfolio-sdk\target\generated-sources\java\src\test\java\com\portfolio\client\model\AdvancedAnalyticsRequestTest.java
[INFO] writing file A:\InfraCode\AM-Portfolio-grp\am-portfolio\am-portfolio-data\portfolio-sdk\target\generated-sources\java\docs\AdvancedAnalyticsRequest.md
[INFO] writing file A:\InfraCode\AM-Portfolio-grp\am-portfolio\am-portfolio-data\portfolio-sdk\target\generated-sources\java\src\main\java\com\portfolio\client\model\AdvancedAnalyticsResponse.java
[INFO] writing file A:\InfraCode\AM-Portfolio-grp\am-portfolio\am-portfolio-data\portfolio-sdk\target\generated-sources\java\src\test\java\com\portfolio\client\model\AdvancedAnalyticsResponseTest.java
[INFO] writing file A:\InfraCode\AM-Portfolio-grp\am-portfolio\am-portfolio-data\portfolio-sdk\target\generated-sources\java\docs\AdvancedAnalyticsResponse.md
[INFO] writing file A:\InfraCode\AM-Portfolio-grp\am-portfolio\am-portfolio-data\portfolio-sdk\target\generated-sources\java\src\main\java\com\portfolio\client\model\AnalyticsComponent.java
[INFO] writing file A:\InfraCode\AM-Portfolio-grp\am-portfolio\am-portfolio-data\portfolio-sdk\target\generated-sources\java\src\test\java\com\portfolio\client\model\AnalyticsComponentTest.java
[INFO] writing file A:\InfraCode\AM-Portfolio-grp\am-portfolio\am-portfolio-data\portfolio-sdk\target\generated-sources\java\docs\AnalyticsComponent.md
[INFO] writing file A:\InfraCode\AM-Portfolio-grp\am-portfolio\am-portfolio-data\portfolio-sdk\target\generated-sources\java\src\main\java\com\portfolio\client\model\BrokerPortfolioSummary.java
[INFO] writing file A:\InfraCode\AM-Portfolio-grp\am-portfolio\am-portfolio-data\portfolio-sdk\target\generated-sources\java\src\test\java\com\portfolio\client\model\BrokerPortfolioSummaryTest.java
[INFO] writing file A:\InfraCode\AM-Portfolio-grp\am-portfolio\am-portfolio-data\portfolio-sdk\target\generated-sources\java\docs\BrokerPortfolioSummary.md
[INFO] writing file A:\InfraCode\AM-Portfolio-grp\am-portfolio\am-portfolio-data\portfolio-sdk\target\generated-sources\java\src\main\java\com\portfolio\client\model\CapSegment.java
[INFO] writing file A:\InfraCode\AM-Portfolio-grp\am-portfolio\am-portfolio-data\portfolio-sdk\target\generated-sources\java\src\test\java\com\portfolio\client\model\CapSegmentTest.java
[INFO] writing file A:\InfraCode\AM-Portfolio-grp\am-portfolio\am-portfolio-data\portfolio-sdk\target\generated-sources\java\docs\CapSegment.md
[INFO] writing file A:\InfraCode\AM-Portfolio-grp\am-portfolio\am-portfolio-data\portfolio-sdk\target\generated-sources\java\src\main\java\com\portfolio\client\model\ChartPaths.java
[INFO] writing file A:\InfraCode\AM-Portfolio-grp\am-portfolio\am-portfolio-data\portfolio-sdk\target\generated-sources\java\src\test\java\com\portfolio\client\model\ChartPathsTest.java
[INFO] writing file A:\InfraCode\AM-Portfolio-grp\am-portfolio\am-portfolio-data\portfolio-sdk\target\generated-sources\java\docs\ChartPaths.md
[INFO] writing file A:\InfraCode\AM-Portfolio-grp\am-portfolio\am-portfolio-data\portfolio-sdk\target\generated-sources\java\src\main\java\com\portfolio\client\model\CoreIdentifiers.java
[INFO] writing file A:\InfraCode\AM-Portfolio-grp\am-portfolio\am-portfolio-data\portfolio-sdk\target\generated-sources\java\src\test\java\com\portfolio\client\model\CoreIdentifiersTest.java
[INFO] writing file A:\InfraCode\AM-Portfolio-grp\am-portfolio\am-portfolio-data\portfolio-sdk\target\generated-sources\java\docs\CoreIdentifiers.md
[INFO] writing file A:\InfraCode\AM-Portfolio-grp\am-portfolio\am-portfolio-data\portfolio-sdk\target\generated-sources\java\src\main\java\com\portfolio\client\model\EquityBrokerHolding.java
[INFO] writing file A:\InfraCode\AM-Portfolio-grp\am-portfolio\am-portfolio-data\portfolio-sdk\target\generated-sources\java\src\test\java\com\portfolio\client\model\EquityBrokerHoldingTest.java
[INFO] writing file A:\InfraCode\AM-Portfolio-grp\am-portfolio\am-portfolio-data\portfolio-sdk\target\generated-sources\java\docs\EquityBrokerHolding.md
[INFO] writing file A:\InfraCode\AM-Portfolio-grp\am-portfolio\am-portfolio-data\portfolio-sdk\target\generated-sources\java\src\main\java\com\portfolio\client\model\EquityHoldings.java
[INFO] writing file A:\InfraCode\AM-Portfolio-grp\am-portfolio\am-portfolio-data\portfolio-sdk\target\generated-sources\java\src\test\java\com\portfolio\client\model\EquityHoldingsTest.java
[INFO] writing file A:\InfraCode\AM-Portfolio-grp\am-portfolio\am-portfolio-data\portfolio-sdk\target\generated-sources\java\docs\EquityHoldings.md
[INFO] writing file A:\InfraCode\AM-Portfolio-grp\am-portfolio\am-portfolio-data\portfolio-sdk\target\generated-sources\java\src\main\java\com\portfolio\client\model\EquityModel.java
[INFO] writing file A:\InfraCode\AM-Portfolio-grp\am-portfolio\am-portfolio-data\portfolio-sdk\target\generated-sources\java\src\test\java\com\portfolio\client\model\EquityModelTest.java
[INFO] writing file A:\InfraCode\AM-Portfolio-grp\am-portfolio\am-portfolio-data\portfolio-sdk\target\generated-sources\java\docs\EquityModel.md
[INFO] writing file A:\InfraCode\AM-Portfolio-grp\am-portfolio\am-portfolio-data\portfolio-sdk\target\generated-sources\java\src\main\java\com\portfolio\client\model\FeatureConfiguration.java
[INFO] writing file A:\InfraCode\AM-Portfolio-grp\am-portfolio\am-portfolio-data\portfolio-sdk\target\generated-sources\java\src\test\java\com\portfolio\client\model\FeatureConfigurationTest.java
[INFO] writing file A:\InfraCode\AM-Portfolio-grp\am-portfolio\am-portfolio-data\portfolio-sdk\target\generated-sources\java\docs\FeatureConfiguration.md
[INFO] writing file A:\InfraCode\AM-Portfolio-grp\am-portfolio\am-portfolio-data\portfolio-sdk\target\generated-sources\java\src\main\java\com\portfolio\client\model\FeatureToggles.java
[INFO] writing file A:\InfraCode\AM-Portfolio-grp\am-portfolio\am-portfolio-data\portfolio-sdk\target\generated-sources\java\src\test\java\com\portfolio\client\model\FeatureTogglesTest.java
[INFO] writing file A:\InfraCode\AM-Portfolio-grp\am-portfolio\am-portfolio-data\portfolio-sdk\target\generated-sources\java\docs\FeatureToggles.md
[INFO] writing file A:\InfraCode\AM-Portfolio-grp\am-portfolio\am-portfolio-data\portfolio-sdk\target\generated-sources\java\src\main\java\com\portfolio\client\model\FundamentalRatios.java
[INFO] writing file A:\InfraCode\AM-Portfolio-grp\am-portfolio\am-portfolio-data\portfolio-sdk\target\generated-sources\java\src\test\java\com\portfolio\client\model\FundamentalRatiosTest.java
[INFO] writing file A:\InfraCode\AM-Portfolio-grp\am-portfolio\am-portfolio-data\portfolio-sdk\target\generated-sources\java\docs\FundamentalRatios.md
[INFO] writing file A:\InfraCode\AM-Portfolio-grp\am-portfolio\am-portfolio-data\portfolio-sdk\target\generated-sources\java\src\main\java\com\portfolio\client\model\GainerLoser.java
[INFO] writing file A:\InfraCode\AM-Portfolio-grp\am-portfolio\am-portfolio-data\portfolio-sdk\target\generated-sources\java\src\test\java\com\portfolio\client\model\GainerLoserTest.java
[INFO] writing file A:\InfraCode\AM-Portfolio-grp\am-portfolio\am-portfolio-data\portfolio-sdk\target\generated-sources\java\docs\GainerLoser.md
[INFO] writing file A:\InfraCode\AM-Portfolio-grp\am-portfolio\am-portfolio-data\portfolio-sdk\target\generated-sources\java\src\main\java\com\portfolio\client\model\Heatmap.java
[INFO] writing file A:\InfraCode\AM-Portfolio-grp\am-portfolio\am-portfolio-data\portfolio-sdk\target\generated-sources\java\src\test\java\com\portfolio\client\model\HeatmapTest.java
[INFO] writing file A:\InfraCode\AM-Portfolio-grp\am-portfolio\am-portfolio-data\portfolio-sdk\target\generated-sources\java\docs\Heatmap.md
[INFO] writing file A:\InfraCode\AM-Portfolio-grp\am-portfolio\am-portfolio-data\portfolio-sdk\target\generated-sources\java\src\main\java\com\portfolio\client\model\HistoricalComparison.java
[INFO] writing file A:\InfraCode\AM-Portfolio-grp\am-portfolio\am-portfolio-data\portfolio-sdk\target\generated-sources\java\src\test\java\com\portfolio\client\model\HistoricalComparisonTest.java
[INFO] writing file A:\InfraCode\AM-Portfolio-grp\am-portfolio\am-portfolio-data\portfolio-sdk\target\generated-sources\java\docs\HistoricalComparison.md
[INFO] writing file A:\InfraCode\AM-Portfolio-grp\am-portfolio\am-portfolio-data\portfolio-sdk\target\generated-sources\java\src\main\java\com\portfolio\client\model\IndexIndices.java
[INFO] writing file A:\InfraCode\AM-Portfolio-grp\am-portfolio\am-portfolio-data\portfolio-sdk\target\generated-sources\java\src\test\java\com\portfolio\client\model\IndexIndicesTest.java
[INFO] writing file A:\InfraCode\AM-Portfolio-grp\am-portfolio\am-portfolio-data\portfolio-sdk\target\generated-sources\java\docs\IndexIndices.md
[INFO] writing file A:\InfraCode\AM-Portfolio-grp\am-portfolio\am-portfolio-data\portfolio-sdk\target\generated-sources\java\src\main\java\com\portfolio\client\model\IndustryWeight.java
[INFO] writing file A:\InfraCode\AM-Portfolio-grp\am-portfolio\am-portfolio-data\portfolio-sdk\target\generated-sources\java\src\test\java\com\portfolio\client\model\IndustryWeightTest.java
[INFO] writing file A:\InfraCode\AM-Portfolio-grp\am-portfolio\am-portfolio-data\portfolio-sdk\target\generated-sources\java\docs\IndustryWeight.md
[INFO] writing file A:\InfraCode\AM-Portfolio-grp\am-portfolio\am-portfolio-data\portfolio-sdk\target\generated-sources\java\src\main\java\com\portfolio\client\model\MarketBreadth.java
[INFO] writing file A:\InfraCode\AM-Portfolio-grp\am-portfolio\am-portfolio-data\portfolio-sdk\target\generated-sources\java\src\test\java\com\portfolio\client\model\MarketBreadthTest.java
[INFO] writing file A:\InfraCode\AM-Portfolio-grp\am-portfolio\am-portfolio-data\portfolio-sdk\target\generated-sources\java\docs\MarketBreadth.md
[INFO] writing file A:\InfraCode\AM-Portfolio-grp\am-portfolio\am-portfolio-data\portfolio-sdk\target\generated-sources\java\src\main\java\com\portfolio\client\model\MarketCapAllocation.java
[INFO] writing file A:\InfraCode\AM-Portfolio-grp\am-portfolio\am-portfolio-data\portfolio-sdk\target\generated-sources\java\src\test\java\com\portfolio\client\model\MarketCapAllocationTest.java
[INFO] writing file A:\InfraCode\AM-Portfolio-grp\am-portfolio\am-portfolio-data\portfolio-sdk\target\generated-sources\java\docs\MarketCapAllocation.md
[INFO] writing file A:\InfraCode\AM-Portfolio-grp\am-portfolio\am-portfolio-data\portfolio-sdk\target\generated-sources\java\src\main\java\com\portfolio\client\model\MarketData.java
[INFO] writing file A:\InfraCode\AM-Portfolio-grp\am-portfolio\am-portfolio-data\portfolio-sdk\target\generated-sources\java\src\test\java\com\portfolio\client\model\MarketDataTest.java
[INFO] writing file A:\InfraCode\AM-Portfolio-grp\am-portfolio\am-portfolio-data\portfolio-sdk\target\generated-sources\java\docs\MarketData.md
[INFO] writing file A:\InfraCode\AM-Portfolio-grp\am-portfolio\am-portfolio-data\portfolio-sdk\target\generated-sources\java\src\main\java\com\portfolio\client\model\MarketDataModel.java
[INFO] writing file A:\InfraCode\AM-Portfolio-grp\am-portfolio\am-portfolio-data\portfolio-sdk\target\generated-sources\java\src\test\java\com\portfolio\client\model\MarketDataModelTest.java
[INFO] writing file A:\InfraCode\AM-Portfolio-grp\am-portfolio\am-portfolio-data\portfolio-sdk\target\generated-sources\java\docs\MarketDataModel.md
[INFO] writing file A:\InfraCode\AM-Portfolio-grp\am-portfolio\am-portfolio-data\portfolio-sdk\target\generated-sources\java\src\main\java\com\portfolio\client\model\MarketIndexIndices.java
[INFO] writing file A:\InfraCode\AM-Portfolio-grp\am-portfolio\am-portfolio-data\portfolio-sdk\target\generated-sources\java\src\test\java\com\portfolio\client\model\MarketIndexIndicesTest.java
[INFO] writing file A:\InfraCode\AM-Portfolio-grp\am-portfolio\am-portfolio-data\portfolio-sdk\target\generated-sources\java\docs\MarketIndexIndices.md
[INFO] writing file A:\InfraCode\AM-Portfolio-grp\am-portfolio\am-portfolio-data\portfolio-sdk\target\generated-sources\java\src\main\java\com\portfolio\client\model\OHLCVModel.java
[INFO] writing file A:\InfraCode\AM-Portfolio-grp\am-portfolio\am-portfolio-data\portfolio-sdk\target\generated-sources\java\src\test\java\com\portfolio\client\model\OHLCVModelTest.java
[INFO] writing file A:\InfraCode\AM-Portfolio-grp\am-portfolio\am-portfolio-data\portfolio-sdk\target\generated-sources\java\docs\OHLCVModel.md
[INFO] writing file A:\InfraCode\AM-Portfolio-grp\am-portfolio\am-portfolio-data\portfolio-sdk\target\generated-sources\java\src\main\java\com\portfolio\client\model\PaginationRequest.java
[INFO] writing file A:\InfraCode\AM-Portfolio-grp\am-portfolio\am-portfolio-data\portfolio-sdk\target\generated-sources\java\src\test\java\com\portfolio\client\model\PaginationRequestTest.java
[INFO] writing file A:\InfraCode\AM-Portfolio-grp\am-portfolio\am-portfolio-data\portfolio-sdk\target\generated-sources\java\docs\PaginationRequest.md
[INFO] writing file A:\InfraCode\AM-Portfolio-grp\am-portfolio\am-portfolio-data\portfolio-sdk\target\generated-sources\java\src\main\java\com\portfolio\client\model\PerformanceMetrics.java
[INFO] writing file A:\InfraCode\AM-Portfolio-grp\am-portfolio\am-portfolio-data\portfolio-sdk\target\generated-sources\java\src\test\java\com\portfolio\client\model\PerformanceMetricsTest.java
[INFO] writing file A:\InfraCode\AM-Portfolio-grp\am-portfolio\am-portfolio-data\portfolio-sdk\target\generated-sources\java\docs\PerformanceMetrics.md
[INFO] writing file A:\InfraCode\AM-Portfolio-grp\am-portfolio\am-portfolio-data\portfolio-sdk\target\generated-sources\java\src\main\java\com\portfolio\client\model\PortfolioBasicInfo.java
[INFO] writing file A:\InfraCode\AM-Portfolio-grp\am-portfolio\am-portfolio-data\portfolio-sdk\target\generated-sources\java\src\test\java\com\portfolio\client\model\PortfolioBasicInfoTest.java
[INFO] writing file A:\InfraCode\AM-Portfolio-grp\am-portfolio\am-portfolio-data\portfolio-sdk\target\generated-sources\java\docs\PortfolioBasicInfo.md
[INFO] writing file A:\InfraCode\AM-Portfolio-grp\am-portfolio\am-portfolio-data\portfolio-sdk\target\generated-sources\java\src\main\java\com\portfolio\client\model\PortfolioHoldings.java
[INFO] writing file A:\InfraCode\AM-Portfolio-grp\am-portfolio\am-portfolio-data\portfolio-sdk\target\generated-sources\java\src\test\java\com\portfolio\client\model\PortfolioHoldingsTest.java
[INFO] writing file A:\InfraCode\AM-Portfolio-grp\am-portfolio\am-portfolio-data\portfolio-sdk\target\generated-sources\java\docs\PortfolioHoldings.md
[INFO] writing file A:\InfraCode\AM-Portfolio-grp\am-portfolio\am-portfolio-data\portfolio-sdk\target\generated-sources\java\src\main\java\com\portfolio\client\model\PortfolioModelV1.java
[INFO] writing file A:\InfraCode\AM-Portfolio-grp\am-portfolio\am-portfolio-data\portfolio-sdk\target\generated-sources\java\src\test\java\com\portfolio\client\model\PortfolioModelV1Test.java
[INFO] writing file A:\InfraCode\AM-Portfolio-grp\am-portfolio\am-portfolio-data\portfolio-sdk\target\generated-sources\java\docs\PortfolioModelV1.md
[INFO] writing file A:\InfraCode\AM-Portfolio-grp\am-portfolio\am-portfolio-data\portfolio-sdk\target\generated-sources\java\src\main\java\com\portfolio\client\model\PortfolioSummaryV1.java
[INFO] writing file A:\InfraCode\AM-Portfolio-grp\am-portfolio\am-portfolio-data\portfolio-sdk\target\generated-sources\java\src\test\java\com\portfolio\client\model\PortfolioSummaryV1Test.java
[INFO] writing file A:\InfraCode\AM-Portfolio-grp\am-portfolio\am-portfolio-data\portfolio-sdk\target\generated-sources\java\docs\PortfolioSummaryV1.md
[INFO] writing file A:\InfraCode\AM-Portfolio-grp\am-portfolio\am-portfolio-data\portfolio-sdk\target\generated-sources\java\src\main\java\com\portfolio\client\model\SectorAllocation.java
[INFO] writing file A:\InfraCode\AM-Portfolio-grp\am-portfolio\am-portfolio-data\portfolio-sdk\target\generated-sources\java\src\test\java\com\portfolio\client\model\SectorAllocationTest.java
[INFO] writing file A:\InfraCode\AM-Portfolio-grp\am-portfolio\am-portfolio-data\portfolio-sdk\target\generated-sources\java\docs\SectorAllocation.md
[INFO] writing file A:\InfraCode\AM-Portfolio-grp\am-portfolio\am-portfolio-data\portfolio-sdk\target\generated-sources\java\src\main\java\com\portfolio\client\model\SectorMovement.java
[INFO] writing file A:\InfraCode\AM-Portfolio-grp\am-portfolio\am-portfolio-data\portfolio-sdk\target\generated-sources\java\src\test\java\com\portfolio\client\model\SectorMovementTest.java
[INFO] writing file A:\InfraCode\AM-Portfolio-grp\am-portfolio\am-portfolio-data\portfolio-sdk\target\generated-sources\java\docs\SectorMovement.md
[INFO] writing file A:\InfraCode\AM-Portfolio-grp\am-portfolio\am-portfolio-data\portfolio-sdk\target\generated-sources\java\src\main\java\com\portfolio\client\model\SectorPerformance.java
[INFO] writing file A:\InfraCode\AM-Portfolio-grp\am-portfolio\am-portfolio-data\portfolio-sdk\target\generated-sources\java\src\test\java\com\portfolio\client\model\SectorPerformanceTest.java
[INFO] writing file A:\InfraCode\AM-Portfolio-grp\am-portfolio\am-portfolio-data\portfolio-sdk\target\generated-sources\java\docs\SectorPerformance.md
[INFO] writing file A:\InfraCode\AM-Portfolio-grp\am-portfolio\am-portfolio-data\portfolio-sdk\target\generated-sources\java\src\main\java\com\portfolio\client\model\SectorWeight.java
[INFO] writing file A:\InfraCode\AM-Portfolio-grp\am-portfolio\am-portfolio-data\portfolio-sdk\target\generated-sources\java\src\test\java\com\portfolio\client\model\SectorWeightTest.java
[INFO] writing file A:\InfraCode\AM-Portfolio-grp\am-portfolio\am-portfolio-data\portfolio-sdk\target\generated-sources\java\docs\SectorWeight.md
[INFO] writing file A:\InfraCode\AM-Portfolio-grp\am-portfolio\am-portfolio-data\portfolio-sdk\target\generated-sources\java\src\main\java\com\portfolio\client\model\StockDetail.java
[INFO] writing file A:\InfraCode\AM-Portfolio-grp\am-portfolio\am-portfolio-data\portfolio-sdk\target\generated-sources\java\src\test\java\com\portfolio\client\model\StockDetailTest.java
[INFO] writing file A:\InfraCode\AM-Portfolio-grp\am-portfolio\am-portfolio-data\portfolio-sdk\target\generated-sources\java\docs\StockDetail.md
[INFO] writing file A:\InfraCode\AM-Portfolio-grp\am-portfolio\am-portfolio-data\portfolio-sdk\target\generated-sources\java\src\main\java\com\portfolio\client\model\StockMovement.java
[INFO] writing file A:\InfraCode\AM-Portfolio-grp\am-portfolio\am-portfolio-data\portfolio-sdk\target\generated-sources\java\src\test\java\com\portfolio\client\model\StockMovementTest.java
[INFO] writing file A:\InfraCode\AM-Portfolio-grp\am-portfolio\am-portfolio-data\portfolio-sdk\target\generated-sources\java\docs\StockMovement.md
[INFO] writing file A:\InfraCode\AM-Portfolio-grp\am-portfolio\am-portfolio-data\portfolio-sdk\target\generated-sources\java\src\main\java\com\portfolio\client\model\TimeFrameRequest.java
[INFO] writing file A:\InfraCode\AM-Portfolio-grp\am-portfolio\am-portfolio-data\portfolio-sdk\target\generated-sources\java\src\test\java\com\portfolio\client\model\TimeFrameRequestTest.java
[INFO] writing file A:\InfraCode\AM-Portfolio-grp\am-portfolio\am-portfolio-data\portfolio-sdk\target\generated-sources\java\docs\TimeFrameRequest.md
[INFO] writing file A:\InfraCode\AM-Portfolio-grp\am-portfolio\am-portfolio-data\portfolio-sdk\target\generated-sources\java\src\main\java\com\portfolio\client\model\TimeSeriesDataModel.java
[INFO] writing file A:\InfraCode\AM-Portfolio-grp\am-portfolio\am-portfolio-data\portfolio-sdk\target\generated-sources\java\src\test\java\com\portfolio\client\model\TimeSeriesDataModelTest.java
[INFO] writing file A:\InfraCode\AM-Portfolio-grp\am-portfolio\am-portfolio-data\portfolio-sdk\target\generated-sources\java\docs\TimeSeriesDataModel.md
[INFO] writing file A:\InfraCode\AM-Portfolio-grp\am-portfolio\am-portfolio-data\portfolio-sdk\target\generated-sources\java\src\main\java\com\portfolio\client\api\IndexAnalyticsApi.java
[INFO] writing file A:\InfraCode\AM-Portfolio-grp\am-portfolio\am-portfolio-data\portfolio-sdk\target\generated-sources\java\src\test\java\com\portfolio\client\api\IndexAnalyticsApiTest.java
[INFO] writing file A:\InfraCode\AM-Portfolio-grp\am-portfolio\am-portfolio-data\portfolio-sdk\target\generated-sources\java\docs\IndexAnalyticsApi.md
[INFO] writing file A:\InfraCode\AM-Portfolio-grp\am-portfolio\am-portfolio-data\portfolio-sdk\target\generated-sources\java\src\main\java\com\portfolio\client\api\MarketIndicesApi.java
[INFO] writing file A:\InfraCode\AM-Portfolio-grp\am-portfolio\am-portfolio-data\portfolio-sdk\target\generated-sources\java\src\test\java\com\portfolio\client\api\MarketIndicesApiTest.java
[INFO] writing file A:\InfraCode\AM-Portfolio-grp\am-portfolio\am-portfolio-data\portfolio-sdk\target\generated-sources\java\docs\MarketIndicesApi.md
[INFO] writing file A:\InfraCode\AM-Portfolio-grp\am-portfolio\am-portfolio-data\portfolio-sdk\target\generated-sources\java\src\main\java\com\portfolio\client\api\PortfolioAnalyticsApi.java
[INFO] writing file A:\InfraCode\AM-Portfolio-grp\am-portfolio\am-portfolio-data\portfolio-sdk\target\generated-sources\java\src\test\java\com\portfolio\client\api\PortfolioAnalyticsApiTest.java
[INFO] writing file A:\InfraCode\AM-Portfolio-grp\am-portfolio\am-portfolio-data\portfolio-sdk\target\generated-sources\java\docs\PortfolioAnalyticsApi.md
[INFO] writing file A:\InfraCode\AM-Portfolio-grp\am-portfolio\am-portfolio-data\portfolio-sdk\target\generated-sources\java\src\main\java\com\portfolio\client\api\PortfolioManagementApi.java
[INFO] writing file A:\InfraCode\AM-Portfolio-grp\am-portfolio\am-portfolio-data\portfolio-sdk\target\generated-sources\java\src\test\java\com\portfolio\client\api\PortfolioManagementApiTest.java
[INFO] writing file A:\InfraCode\AM-Portfolio-grp\am-portfolio\am-portfolio-data\portfolio-sdk\target\generated-sources\java\docs\PortfolioManagementApi.md
[INFO] Skipping generation of Webhooks.
[INFO] writing file A:\InfraCode\AM-Portfolio-grp\am-portfolio\am-portfolio-data\portfolio-sdk\target\generated-sources\java\pom.xml
[INFO] writing file A:\InfraCode\AM-Portfolio-grp\am-portfolio\am-portfolio-data\portfolio-sdk\target\generated-sources\java\README.md
[INFO] writing file A:\InfraCode\AM-Portfolio-grp\am-portfolio\am-portfolio-data\portfolio-sdk\target\generated-sources\java\build.gradle
[INFO] writing file A:\InfraCode\AM-Portfolio-grp\am-portfolio\am-portfolio-data\portfolio-sdk\target\generated-sources\java\build.sbt
[INFO] writing file A:\InfraCode\AM-Portfolio-grp\am-portfolio\am-portfolio-data\portfolio-sdk\target\generated-sources\java\settings.gradle
[INFO] writing file A:\InfraCode\AM-Portfolio-grp\am-portfolio\am-portfolio-data\portfolio-sdk\target\generated-sources\java\gradle.properties
[INFO] writing file A:\InfraCode\AM-Portfolio-grp\am-portfolio\am-portfolio-data\portfolio-sdk\target\generated-sources\java\src\main\AndroidManifest.xml
[INFO] writing file A:\InfraCode\AM-Portfolio-grp\am-portfolio\am-portfolio-data\portfolio-sdk\target\generated-sources\java\.travis.yml
[INFO] writing file A:\InfraCode\AM-Portfolio-grp\am-portfolio\am-portfolio-data\portfolio-sdk\target\generated-sources\java\src\main\java\com\portfolio\client\ApiClient.java
[INFO] writing file A:\InfraCode\AM-Portfolio-grp\am-portfolio\am-portfolio-data\portfolio-sdk\target\generated-sources\java\src\main\java\com\portfolio\client\ServerConfiguration.java
[INFO] writing file A:\InfraCode\AM-Portfolio-grp\am-portfolio\am-portfolio-data\portfolio-sdk\target\generated-sources\java\src\main\java\com\portfolio\client\ServerVariable.java
[INFO] writing file A:\InfraCode\AM-Portfolio-grp\am-portfolio\am-portfolio-data\portfolio-sdk\target\generated-sources\java\.github\workflows\maven.yml
[INFO] writing file A:\InfraCode\AM-Portfolio-grp\am-portfolio\am-portfolio-data\portfolio-sdk\target\generated-sources\java\api\openapi.yaml
[INFO] writing file A:\InfraCode\AM-Portfolio-grp\am-portfolio\am-portfolio-data\portfolio-sdk\target\generated-sources\java\src\main\java\com\portfolio\client\JavaTimeFormatter.java
[INFO] writing file A:\InfraCode\AM-Portfolio-grp\am-portfolio\am-portfolio-data\portfolio-sdk\target\generated-sources\java\src\main\java\com\portfolio\client\auth\HttpBasicAuth.java
[INFO] writing file A:\InfraCode\AM-Portfolio-grp\am-portfolio\am-portfolio-data\portfolio-sdk\target\generated-sources\java\src\main\java\com\portfolio\client\auth\HttpBearerAuth.java
[INFO] writing file A:\InfraCode\AM-Portfolio-grp\am-portfolio\am-portfolio-data\portfolio-sdk\target\generated-sources\java\src\main\java\com\portfolio\client\auth\ApiKeyAuth.java
[INFO] writing file A:\InfraCode\AM-Portfolio-grp\am-portfolio\am-portfolio-data\portfolio-sdk\target\generated-sources\java\gradlew
[INFO] writing file A:\InfraCode\AM-Portfolio-grp\am-portfolio\am-portfolio-data\portfolio-sdk\target\generated-sources\java\gradlew.bat
[INFO] writing file A:\InfraCode\AM-Portfolio-grp\am-portfolio\am-portfolio-data\portfolio-sdk\target\generated-sources\java\gradle\wrapper\gradle-wrapper.properties
[INFO] writing file A:\InfraCode\AM-Portfolio-grp\am-portfolio\am-portfolio-data\portfolio-sdk\target\generated-sources\java\gradle\wrapper\gradle-wrapper.jar
[INFO] writing file A:\InfraCode\AM-Portfolio-grp\am-portfolio\am-portfolio-data\portfolio-sdk\target\generated-sources\java\git_push.sh
[INFO] writing file A:\InfraCode\AM-Portfolio-grp\am-portfolio\am-portfolio-data\portfolio-sdk\target\generated-sources\java\.gitignore
[INFO] writing file A:\InfraCode\AM-Portfolio-grp\am-portfolio\am-portfolio-data\portfolio-sdk\target\generated-sources\java\src\main\java\com\portfolio\client\auth\Authentication.java
[INFO] writing file A:\InfraCode\AM-Portfolio-grp\am-portfolio\am-portfolio-data\portfolio-sdk\target\generated-sources\java\src\main\java\com\portfolio\client\RFC3339DateFormat.java
[INFO] writing file A:\InfraCode\AM-Portfolio-grp\am-portfolio\am-portfolio-data\portfolio-sdk\target\generated-sources\java\.openapi-generator-ignore
[INFO] writing file A:\InfraCode\AM-Portfolio-grp\am-portfolio\am-portfolio-data\portfolio-sdk\target\generated-sources\java\.openapi-generator\VERSION
[INFO] writing file A:\InfraCode\AM-Portfolio-grp\am-portfolio\am-portfolio-data\portfolio-sdk\target\generated-sources\java\.openapi-generator\FILES
################################################################################
# Thanks for using OpenAPI Generator.                                          #
# Please consider donation to help us maintain this project ?                 #
# https://opencollective.com/openapi_generator/donate                          #
################################################################################
[INFO] 
[INFO] --- openapi-generator:7.2.0:generate (generate-python-client) @ portfolio-sdk ---
[INFO] Generating with dryRun=false
[INFO] Output directory (A:\InfraCode\AM-Portfolio-grp\am-portfolio\am-portfolio-data\portfolio-sdk\target\generated-sources\python) does not exist, or is inaccessible. No file (.openapi-generator-ignore) will be evaluated.
[INFO] OpenAPI Generator: python (client)
[INFO] Generator 'python' is considered stable.
[INFO] Environment variable PYTHON_POST_PROCESS_FILE not defined so the Python code may not be properly formatted. To define it, try 'export PYTHON_POST_PROCESS_FILE="/usr/local/bin/yapf -i"' (Linux/Mac)
[INFO] NOTE: To enable file post-processing, 'enablePostProcessFile' must be set to `true` (--enable-post-process-file for CLI).
[INFO] Environment variable PYTHON_POST_PROCESS_FILE not defined so the Python code may not be properly formatted. To define it, try 'export PYTHON_POST_PROCESS_FILE="/usr/local/bin/yapf -i"' (Linux/Mac)
[INFO] NOTE: To enable file post-processing, 'enablePostProcessFile' must be set to `true` (--enable-post-process-file for CLI).
[INFO] writing file A:\InfraCode\AM-Portfolio-grp\am-portfolio\am-portfolio-data\portfolio-sdk\target\generated-sources\python\am_portfolio_client\models\advanced_analytics_request.py
[INFO] writing file A:\InfraCode\AM-Portfolio-grp\am-portfolio\am-portfolio-data\portfolio-sdk\target\generated-sources\python\test\test_advanced_analytics_request.py
[INFO] writing file A:\InfraCode\AM-Portfolio-grp\am-portfolio\am-portfolio-data\portfolio-sdk\target\generated-sources\python\docs\AdvancedAnalyticsRequest.md
[INFO] writing file A:\InfraCode\AM-Portfolio-grp\am-portfolio\am-portfolio-data\portfolio-sdk\target\generated-sources\python\am_portfolio_client\models\advanced_analytics_response.py
[INFO] writing file A:\InfraCode\AM-Portfolio-grp\am-portfolio\am-portfolio-data\portfolio-sdk\target\generated-sources\python\test\test_advanced_analytics_response.py
[INFO] writing file A:\InfraCode\AM-Portfolio-grp\am-portfolio\am-portfolio-data\portfolio-sdk\target\generated-sources\python\docs\AdvancedAnalyticsResponse.md
[INFO] writing file A:\InfraCode\AM-Portfolio-grp\am-portfolio\am-portfolio-data\portfolio-sdk\target\generated-sources\python\am_portfolio_client\models\analytics_component.py
[INFO] writing file A:\InfraCode\AM-Portfolio-grp\am-portfolio\am-portfolio-data\portfolio-sdk\target\generated-sources\python\test\test_analytics_component.py
[INFO] writing file A:\InfraCode\AM-Portfolio-grp\am-portfolio\am-portfolio-data\portfolio-sdk\target\generated-sources\python\docs\AnalyticsComponent.md
[INFO] writing file A:\InfraCode\AM-Portfolio-grp\am-portfolio\am-portfolio-data\portfolio-sdk\target\generated-sources\python\am_portfolio_client\models\broker_portfolio_summary.py
[INFO] writing file A:\InfraCode\AM-Portfolio-grp\am-portfolio\am-portfolio-data\portfolio-sdk\target\generated-sources\python\test\test_broker_portfolio_summary.py
[INFO] writing file A:\InfraCode\AM-Portfolio-grp\am-portfolio\am-portfolio-data\portfolio-sdk\target\generated-sources\python\docs\BrokerPortfolioSummary.md
[INFO] writing file A:\InfraCode\AM-Portfolio-grp\am-portfolio\am-portfolio-data\portfolio-sdk\target\generated-sources\python\am_portfolio_client\models\cap_segment.py
[INFO] writing file A:\InfraCode\AM-Portfolio-grp\am-portfolio\am-portfolio-data\portfolio-sdk\target\generated-sources\python\test\test_cap_segment.py
[INFO] writing file A:\InfraCode\AM-Portfolio-grp\am-portfolio\am-portfolio-data\portfolio-sdk\target\generated-sources\python\docs\CapSegment.md
[INFO] writing file A:\InfraCode\AM-Portfolio-grp\am-portfolio\am-portfolio-data\portfolio-sdk\target\generated-sources\python\am_portfolio_client\models\chart_paths.py
[INFO] writing file A:\InfraCode\AM-Portfolio-grp\am-portfolio\am-portfolio-data\portfolio-sdk\target\generated-sources\python\test\test_chart_paths.py
[INFO] writing file A:\InfraCode\AM-Portfolio-grp\am-portfolio\am-portfolio-data\portfolio-sdk\target\generated-sources\python\docs\ChartPaths.md
[INFO] writing file A:\InfraCode\AM-Portfolio-grp\am-portfolio\am-portfolio-data\portfolio-sdk\target\generated-sources\python\am_portfolio_client\models\core_identifiers.py
[INFO] writing file A:\InfraCode\AM-Portfolio-grp\am-portfolio\am-portfolio-data\portfolio-sdk\target\generated-sources\python\test\test_core_identifiers.py
[INFO] writing file A:\InfraCode\AM-Portfolio-grp\am-portfolio\am-portfolio-data\portfolio-sdk\target\generated-sources\python\docs\CoreIdentifiers.md
[INFO] writing file A:\InfraCode\AM-Portfolio-grp\am-portfolio\am-portfolio-data\portfolio-sdk\target\generated-sources\python\am_portfolio_client\models\equity_broker_holding.py
[INFO] writing file A:\InfraCode\AM-Portfolio-grp\am-portfolio\am-portfolio-data\portfolio-sdk\target\generated-sources\python\test\test_equity_broker_holding.py
[INFO] writing file A:\InfraCode\AM-Portfolio-grp\am-portfolio\am-portfolio-data\portfolio-sdk\target\generated-sources\python\docs\EquityBrokerHolding.md
[INFO] writing file A:\InfraCode\AM-Portfolio-grp\am-portfolio\am-portfolio-data\portfolio-sdk\target\generated-sources\python\am_portfolio_client\models\equity_holdings.py
[INFO] writing file A:\InfraCode\AM-Portfolio-grp\am-portfolio\am-portfolio-data\portfolio-sdk\target\generated-sources\python\test\test_equity_holdings.py
[INFO] writing file A:\InfraCode\AM-Portfolio-grp\am-portfolio\am-portfolio-data\portfolio-sdk\target\generated-sources\python\docs\EquityHoldings.md
[INFO] writing file A:\InfraCode\AM-Portfolio-grp\am-portfolio\am-portfolio-data\portfolio-sdk\target\generated-sources\python\am_portfolio_client\models\equity_model.py
[INFO] writing file A:\InfraCode\AM-Portfolio-grp\am-portfolio\am-portfolio-data\portfolio-sdk\target\generated-sources\python\test\test_equity_model.py
[INFO] writing file A:\InfraCode\AM-Portfolio-grp\am-portfolio\am-portfolio-data\portfolio-sdk\target\generated-sources\python\docs\EquityModel.md
[INFO] writing file A:\InfraCode\AM-Portfolio-grp\am-portfolio\am-portfolio-data\portfolio-sdk\target\generated-sources\python\am_portfolio_client\models\feature_configuration.py
[INFO] writing file A:\InfraCode\AM-Portfolio-grp\am-portfolio\am-portfolio-data\portfolio-sdk\target\generated-sources\python\test\test_feature_configuration.py
[INFO] writing file A:\InfraCode\AM-Portfolio-grp\am-portfolio\am-portfolio-data\portfolio-sdk\target\generated-sources\python\docs\FeatureConfiguration.md
[INFO] writing file A:\InfraCode\AM-Portfolio-grp\am-portfolio\am-portfolio-data\portfolio-sdk\target\generated-sources\python\am_portfolio_client\models\feature_toggles.py
[INFO] writing file A:\InfraCode\AM-Portfolio-grp\am-portfolio\am-portfolio-data\portfolio-sdk\target\generated-sources\python\test\test_feature_toggles.py
[INFO] writing file A:\InfraCode\AM-Portfolio-grp\am-portfolio\am-portfolio-data\portfolio-sdk\target\generated-sources\python\docs\FeatureToggles.md
[INFO] writing file A:\InfraCode\AM-Portfolio-grp\am-portfolio\am-portfolio-data\portfolio-sdk\target\generated-sources\python\am_portfolio_client\models\fundamental_ratios.py
[INFO] writing file A:\InfraCode\AM-Portfolio-grp\am-portfolio\am-portfolio-data\portfolio-sdk\target\generated-sources\python\test\test_fundamental_ratios.py
[INFO] writing file A:\InfraCode\AM-Portfolio-grp\am-portfolio\am-portfolio-data\portfolio-sdk\target\generated-sources\python\docs\FundamentalRatios.md
[INFO] writing file A:\InfraCode\AM-Portfolio-grp\am-portfolio\am-portfolio-data\portfolio-sdk\target\generated-sources\python\am_portfolio_client\models\gainer_loser.py
[INFO] writing file A:\InfraCode\AM-Portfolio-grp\am-portfolio\am-portfolio-data\portfolio-sdk\target\generated-sources\python\test\test_gainer_loser.py
[INFO] writing file A:\InfraCode\AM-Portfolio-grp\am-portfolio\am-portfolio-data\portfolio-sdk\target\generated-sources\python\docs\GainerLoser.md
[INFO] writing file A:\InfraCode\AM-Portfolio-grp\am-portfolio\am-portfolio-data\portfolio-sdk\target\generated-sources\python\am_portfolio_client\models\heatmap.py
[INFO] writing file A:\InfraCode\AM-Portfolio-grp\am-portfolio\am-portfolio-data\portfolio-sdk\target\generated-sources\python\test\test_heatmap.py
[INFO] writing file A:\InfraCode\AM-Portfolio-grp\am-portfolio\am-portfolio-data\portfolio-sdk\target\generated-sources\python\docs\Heatmap.md
[INFO] writing file A:\InfraCode\AM-Portfolio-grp\am-portfolio\am-portfolio-data\portfolio-sdk\target\generated-sources\python\am_portfolio_client\models\historical_comparison.py
[INFO] writing file A:\InfraCode\AM-Portfolio-grp\am-portfolio\am-portfolio-data\portfolio-sdk\target\generated-sources\python\test\test_historical_comparison.py
[INFO] writing file A:\InfraCode\AM-Portfolio-grp\am-portfolio\am-portfolio-data\portfolio-sdk\target\generated-sources\python\docs\HistoricalComparison.md
[INFO] writing file A:\InfraCode\AM-Portfolio-grp\am-portfolio\am-portfolio-data\portfolio-sdk\target\generated-sources\python\am_portfolio_client\models\index_indices.py
[INFO] writing file A:\InfraCode\AM-Portfolio-grp\am-portfolio\am-portfolio-data\portfolio-sdk\target\generated-sources\python\test\test_index_indices.py
[INFO] writing file A:\InfraCode\AM-Portfolio-grp\am-portfolio\am-portfolio-data\portfolio-sdk\target\generated-sources\python\docs\IndexIndices.md
[INFO] writing file A:\InfraCode\AM-Portfolio-grp\am-portfolio\am-portfolio-data\portfolio-sdk\target\generated-sources\python\am_portfolio_client\models\industry_weight.py
[INFO] writing file A:\InfraCode\AM-Portfolio-grp\am-portfolio\am-portfolio-data\portfolio-sdk\target\generated-sources\python\test\test_industry_weight.py
[INFO] writing file A:\InfraCode\AM-Portfolio-grp\am-portfolio\am-portfolio-data\portfolio-sdk\target\generated-sources\python\docs\IndustryWeight.md
[INFO] writing file A:\InfraCode\AM-Portfolio-grp\am-portfolio\am-portfolio-data\portfolio-sdk\target\generated-sources\python\am_portfolio_client\models\market_breadth.py
[INFO] writing file A:\InfraCode\AM-Portfolio-grp\am-portfolio\am-portfolio-data\portfolio-sdk\target\generated-sources\python\test\test_market_breadth.py
[INFO] writing file A:\InfraCode\AM-Portfolio-grp\am-portfolio\am-portfolio-data\portfolio-sdk\target\generated-sources\python\docs\MarketBreadth.md
[INFO] writing file A:\InfraCode\AM-Portfolio-grp\am-portfolio\am-portfolio-data\portfolio-sdk\target\generated-sources\python\am_portfolio_client\models\market_cap_allocation.py
[INFO] writing file A:\InfraCode\AM-Portfolio-grp\am-portfolio\am-portfolio-data\portfolio-sdk\target\generated-sources\python\test\test_market_cap_allocation.py
[INFO] writing file A:\InfraCode\AM-Portfolio-grp\am-portfolio\am-portfolio-data\portfolio-sdk\target\generated-sources\python\docs\MarketCapAllocation.md
[INFO] writing file A:\InfraCode\AM-Portfolio-grp\am-portfolio\am-portfolio-data\portfolio-sdk\target\generated-sources\python\am_portfolio_client\models\market_data.py
[INFO] writing file A:\InfraCode\AM-Portfolio-grp\am-portfolio\am-portfolio-data\portfolio-sdk\target\generated-sources\python\test\test_market_data.py
[INFO] writing file A:\InfraCode\AM-Portfolio-grp\am-portfolio\am-portfolio-data\portfolio-sdk\target\generated-sources\python\docs\MarketData.md
[INFO] writing file A:\InfraCode\AM-Portfolio-grp\am-portfolio\am-portfolio-data\portfolio-sdk\target\generated-sources\python\am_portfolio_client\models\market_data_model.py
[INFO] writing file A:\InfraCode\AM-Portfolio-grp\am-portfolio\am-portfolio-data\portfolio-sdk\target\generated-sources\python\test\test_market_data_model.py
[INFO] writing file A:\InfraCode\AM-Portfolio-grp\am-portfolio\am-portfolio-data\portfolio-sdk\target\generated-sources\python\docs\MarketDataModel.md
[INFO] writing file A:\InfraCode\AM-Portfolio-grp\am-portfolio\am-portfolio-data\portfolio-sdk\target\generated-sources\python\am_portfolio_client\models\market_index_indices.py
[INFO] writing file A:\InfraCode\AM-Portfolio-grp\am-portfolio\am-portfolio-data\portfolio-sdk\target\generated-sources\python\test\test_market_index_indices.py
[INFO] writing file A:\InfraCode\AM-Portfolio-grp\am-portfolio\am-portfolio-data\portfolio-sdk\target\generated-sources\python\docs\MarketIndexIndices.md
[INFO] writing file A:\InfraCode\AM-Portfolio-grp\am-portfolio\am-portfolio-data\portfolio-sdk\target\generated-sources\python\am_portfolio_client\models\ohlcv_model.py
[INFO] writing file A:\InfraCode\AM-Portfolio-grp\am-portfolio\am-portfolio-data\portfolio-sdk\target\generated-sources\python\test\test_ohlcv_model.py
[INFO] writing file A:\InfraCode\AM-Portfolio-grp\am-portfolio\am-portfolio-data\portfolio-sdk\target\generated-sources\python\docs\OHLCVModel.md
[INFO] writing file A:\InfraCode\AM-Portfolio-grp\am-portfolio\am-portfolio-data\portfolio-sdk\target\generated-sources\python\am_portfolio_client\models\pagination_request.py
[INFO] writing file A:\InfraCode\AM-Portfolio-grp\am-portfolio\am-portfolio-data\portfolio-sdk\target\generated-sources\python\test\test_pagination_request.py
[INFO] writing file A:\InfraCode\AM-Portfolio-grp\am-portfolio\am-portfolio-data\portfolio-sdk\target\generated-sources\python\docs\PaginationRequest.md
[INFO] writing file A:\InfraCode\AM-Portfolio-grp\am-portfolio\am-portfolio-data\portfolio-sdk\target\generated-sources\python\am_portfolio_client\models\performance_metrics.py
[INFO] writing file A:\InfraCode\AM-Portfolio-grp\am-portfolio\am-portfolio-data\portfolio-sdk\target\generated-sources\python\test\test_performance_metrics.py
[INFO] writing file A:\InfraCode\AM-Portfolio-grp\am-portfolio\am-portfolio-data\portfolio-sdk\target\generated-sources\python\docs\PerformanceMetrics.md
[INFO] writing file A:\InfraCode\AM-Portfolio-grp\am-portfolio\am-portfolio-data\portfolio-sdk\target\generated-sources\python\am_portfolio_client\models\portfolio_basic_info.py
[INFO] writing file A:\InfraCode\AM-Portfolio-grp\am-portfolio\am-portfolio-data\portfolio-sdk\target\generated-sources\python\test\test_portfolio_basic_info.py
[INFO] writing file A:\InfraCode\AM-Portfolio-grp\am-portfolio\am-portfolio-data\portfolio-sdk\target\generated-sources\python\docs\PortfolioBasicInfo.md
[INFO] writing file A:\InfraCode\AM-Portfolio-grp\am-portfolio\am-portfolio-data\portfolio-sdk\target\generated-sources\python\am_portfolio_client\models\portfolio_holdings.py
[INFO] writing file A:\InfraCode\AM-Portfolio-grp\am-portfolio\am-portfolio-data\portfolio-sdk\target\generated-sources\python\test\test_portfolio_holdings.py
[INFO] writing file A:\InfraCode\AM-Portfolio-grp\am-portfolio\am-portfolio-data\portfolio-sdk\target\generated-sources\python\docs\PortfolioHoldings.md
[INFO] writing file A:\InfraCode\AM-Portfolio-grp\am-portfolio\am-portfolio-data\portfolio-sdk\target\generated-sources\python\am_portfolio_client\models\portfolio_model_v1.py
[INFO] writing file A:\InfraCode\AM-Portfolio-grp\am-portfolio\am-portfolio-data\portfolio-sdk\target\generated-sources\python\test\test_portfolio_model_v1.py
[INFO] writing file A:\InfraCode\AM-Portfolio-grp\am-portfolio\am-portfolio-data\portfolio-sdk\target\generated-sources\python\docs\PortfolioModelV1.md
[INFO] writing file A:\InfraCode\AM-Portfolio-grp\am-portfolio\am-portfolio-data\portfolio-sdk\target\generated-sources\python\am_portfolio_client\models\portfolio_summary_v1.py
[INFO] writing file A:\InfraCode\AM-Portfolio-grp\am-portfolio\am-portfolio-data\portfolio-sdk\target\generated-sources\python\test\test_portfolio_summary_v1.py
[INFO] writing file A:\InfraCode\AM-Portfolio-grp\am-portfolio\am-portfolio-data\portfolio-sdk\target\generated-sources\python\docs\PortfolioSummaryV1.md
[INFO] writing file A:\InfraCode\AM-Portfolio-grp\am-portfolio\am-portfolio-data\portfolio-sdk\target\generated-sources\python\am_portfolio_client\models\sector_allocation.py
[INFO] writing file A:\InfraCode\AM-Portfolio-grp\am-portfolio\am-portfolio-data\portfolio-sdk\target\generated-sources\python\test\test_sector_allocation.py
[INFO] writing file A:\InfraCode\AM-Portfolio-grp\am-portfolio\am-portfolio-data\portfolio-sdk\target\generated-sources\python\docs\SectorAllocation.md
[INFO] writing file A:\InfraCode\AM-Portfolio-grp\am-portfolio\am-portfolio-data\portfolio-sdk\target\generated-sources\python\am_portfolio_client\models\sector_movement.py
[INFO] writing file A:\InfraCode\AM-Portfolio-grp\am-portfolio\am-portfolio-data\portfolio-sdk\target\generated-sources\python\test\test_sector_movement.py
[INFO] writing file A:\InfraCode\AM-Portfolio-grp\am-portfolio\am-portfolio-data\portfolio-sdk\target\generated-sources\python\docs\SectorMovement.md
[INFO] writing file A:\InfraCode\AM-Portfolio-grp\am-portfolio\am-portfolio-data\portfolio-sdk\target\generated-sources\python\am_portfolio_client\models\sector_performance.py
[INFO] writing file A:\InfraCode\AM-Portfolio-grp\am-portfolio\am-portfolio-data\portfolio-sdk\target\generated-sources\python\test\test_sector_performance.py
[INFO] writing file A:\InfraCode\AM-Portfolio-grp\am-portfolio\am-portfolio-data\portfolio-sdk\target\generated-sources\python\docs\SectorPerformance.md
[INFO] writing file A:\InfraCode\AM-Portfolio-grp\am-portfolio\am-portfolio-data\portfolio-sdk\target\generated-sources\python\am_portfolio_client\models\sector_weight.py
[INFO] writing file A:\InfraCode\AM-Portfolio-grp\am-portfolio\am-portfolio-data\portfolio-sdk\target\generated-sources\python\test\test_sector_weight.py
[INFO] writing file A:\InfraCode\AM-Portfolio-grp\am-portfolio\am-portfolio-data\portfolio-sdk\target\generated-sources\python\docs\SectorWeight.md
[INFO] writing file A:\InfraCode\AM-Portfolio-grp\am-portfolio\am-portfolio-data\portfolio-sdk\target\generated-sources\python\am_portfolio_client\models\stock_detail.py
[INFO] writing file A:\InfraCode\AM-Portfolio-grp\am-portfolio\am-portfolio-data\portfolio-sdk\target\generated-sources\python\test\test_stock_detail.py
[INFO] writing file A:\InfraCode\AM-Portfolio-grp\am-portfolio\am-portfolio-data\portfolio-sdk\target\generated-sources\python\docs\StockDetail.md
[INFO] writing file A:\InfraCode\AM-Portfolio-grp\am-portfolio\am-portfolio-data\portfolio-sdk\target\generated-sources\python\am_portfolio_client\models\stock_movement.py
[INFO] writing file A:\InfraCode\AM-Portfolio-grp\am-portfolio\am-portfolio-data\portfolio-sdk\target\generated-sources\python\test\test_stock_movement.py
[INFO] writing file A:\InfraCode\AM-Portfolio-grp\am-portfolio\am-portfolio-data\portfolio-sdk\target\generated-sources\python\docs\StockMovement.md
[INFO] writing file A:\InfraCode\AM-Portfolio-grp\am-portfolio\am-portfolio-data\portfolio-sdk\target\generated-sources\python\am_portfolio_client\models\time_frame_request.py
[INFO] writing file A:\InfraCode\AM-Portfolio-grp\am-portfolio\am-portfolio-data\portfolio-sdk\target\generated-sources\python\test\test_time_frame_request.py
[INFO] writing file A:\InfraCode\AM-Portfolio-grp\am-portfolio\am-portfolio-data\portfolio-sdk\target\generated-sources\python\docs\TimeFrameRequest.md
[INFO] writing file A:\InfraCode\AM-Portfolio-grp\am-portfolio\am-portfolio-data\portfolio-sdk\target\generated-sources\python\am_portfolio_client\models\time_series_data_model.py
[INFO] writing file A:\InfraCode\AM-Portfolio-grp\am-portfolio\am-portfolio-data\portfolio-sdk\target\generated-sources\python\test\test_time_series_data_model.py
[INFO] writing file A:\InfraCode\AM-Portfolio-grp\am-portfolio\am-portfolio-data\portfolio-sdk\target\generated-sources\python\docs\TimeSeriesDataModel.md
[INFO] writing file A:\InfraCode\AM-Portfolio-grp\am-portfolio\am-portfolio-data\portfolio-sdk\target\generated-sources\python\am_portfolio_client\api\index_analytics_api.py
[INFO] writing file A:\InfraCode\AM-Portfolio-grp\am-portfolio\am-portfolio-data\portfolio-sdk\target\generated-sources\python\test\test_index_analytics_api.py
[INFO] writing file A:\InfraCode\AM-Portfolio-grp\am-portfolio\am-portfolio-data\portfolio-sdk\target\generated-sources\python\docs\IndexAnalyticsApi.md
[INFO] writing file A:\InfraCode\AM-Portfolio-grp\am-portfolio\am-portfolio-data\portfolio-sdk\target\generated-sources\python\am_portfolio_client\api\market_indices_api.py
[INFO] writing file A:\InfraCode\AM-Portfolio-grp\am-portfolio\am-portfolio-data\portfolio-sdk\target\generated-sources\python\test\test_market_indices_api.py
[INFO] writing file A:\InfraCode\AM-Portfolio-grp\am-portfolio\am-portfolio-data\portfolio-sdk\target\generated-sources\python\docs\MarketIndicesApi.md
[INFO] writing file A:\InfraCode\AM-Portfolio-grp\am-portfolio\am-portfolio-data\portfolio-sdk\target\generated-sources\python\am_portfolio_client\api\portfolio_analytics_api.py
[INFO] writing file A:\InfraCode\AM-Portfolio-grp\am-portfolio\am-portfolio-data\portfolio-sdk\target\generated-sources\python\test\test_portfolio_analytics_api.py
[INFO] writing file A:\InfraCode\AM-Portfolio-grp\am-portfolio\am-portfolio-data\portfolio-sdk\target\generated-sources\python\docs\PortfolioAnalyticsApi.md
[INFO] writing file A:\InfraCode\AM-Portfolio-grp\am-portfolio\am-portfolio-data\portfolio-sdk\target\generated-sources\python\am_portfolio_client\api\portfolio_management_api.py
[INFO] writing file A:\InfraCode\AM-Portfolio-grp\am-portfolio\am-portfolio-data\portfolio-sdk\target\generated-sources\python\test\test_portfolio_management_api.py
[INFO] writing file A:\InfraCode\AM-Portfolio-grp\am-portfolio\am-portfolio-data\portfolio-sdk\target\generated-sources\python\docs\PortfolioManagementApi.md
[INFO] Skipping generation of Webhooks.
[INFO] writing file A:\InfraCode\AM-Portfolio-grp\am-portfolio\am-portfolio-data\portfolio-sdk\target\generated-sources\python\README.md
[INFO] writing file A:\InfraCode\AM-Portfolio-grp\am-portfolio\am-portfolio-data\portfolio-sdk\target\generated-sources\python\tox.ini
[INFO] writing file A:\InfraCode\AM-Portfolio-grp\am-portfolio\am-portfolio-data\portfolio-sdk\target\generated-sources\python\test-requirements.txt
[INFO] writing file A:\InfraCode\AM-Portfolio-grp\am-portfolio\am-portfolio-data\portfolio-sdk\target\generated-sources\python\requirements.txt
[INFO] writing file A:\InfraCode\AM-Portfolio-grp\am-portfolio\am-portfolio-data\portfolio-sdk\target\generated-sources\python\setup.cfg
[INFO] writing file A:\InfraCode\AM-Portfolio-grp\am-portfolio\am-portfolio-data\portfolio-sdk\target\generated-sources\python\git_push.sh
[INFO] writing file A:\InfraCode\AM-Portfolio-grp\am-portfolio\am-portfolio-data\portfolio-sdk\target\generated-sources\python\.gitignore
[INFO] writing file A:\InfraCode\AM-Portfolio-grp\am-portfolio\am-portfolio-data\portfolio-sdk\target\generated-sources\python\.travis.yml
[INFO] writing file A:\InfraCode\AM-Portfolio-grp\am-portfolio\am-portfolio-data\portfolio-sdk\target\generated-sources\python\.github\workflows\python.yml
[INFO] writing file A:\InfraCode\AM-Portfolio-grp\am-portfolio\am-portfolio-data\portfolio-sdk\target\generated-sources\python\.gitlab-ci.yml
[INFO] writing file A:\InfraCode\AM-Portfolio-grp\am-portfolio\am-portfolio-data\portfolio-sdk\target\generated-sources\python\setup.py
[INFO] writing file A:\InfraCode\AM-Portfolio-grp\am-portfolio\am-portfolio-data\portfolio-sdk\target\generated-sources\python\pyproject.toml
[INFO] writing file A:\InfraCode\AM-Portfolio-grp\am-portfolio\am-portfolio-data\portfolio-sdk\target\generated-sources\python\am_portfolio_client\py.typed
[INFO] writing file A:\InfraCode\AM-Portfolio-grp\am-portfolio\am-portfolio-data\portfolio-sdk\target\generated-sources\python\am_portfolio_client\configuration.py
[INFO] writing file A:\InfraCode\AM-Portfolio-grp\am-portfolio\am-portfolio-data\portfolio-sdk\target\generated-sources\python\am_portfolio_client\__init__.py
[INFO] writing file A:\InfraCode\AM-Portfolio-grp\am-portfolio\am-portfolio-data\portfolio-sdk\target\generated-sources\python\am_portfolio_client\models\__init__.py
[INFO] writing file A:\InfraCode\AM-Portfolio-grp\am-portfolio\am-portfolio-data\portfolio-sdk\target\generated-sources\python\am_portfolio_client\api\__init__.py
[INFO] writing file A:\InfraCode\AM-Portfolio-grp\am-portfolio\am-portfolio-data\portfolio-sdk\target\generated-sources\python\am_portfolio_client\exceptions.py
[INFO] writing file A:\InfraCode\AM-Portfolio-grp\am-portfolio\am-portfolio-data\portfolio-sdk\target\generated-sources\python\test\__init__.py
[INFO] writing file A:\InfraCode\AM-Portfolio-grp\am-portfolio\am-portfolio-data\portfolio-sdk\target\generated-sources\python\am_portfolio_client\api_client.py
[INFO] writing file A:\InfraCode\AM-Portfolio-grp\am-portfolio\am-portfolio-data\portfolio-sdk\target\generated-sources\python\am_portfolio_client\api_response.py
[INFO] writing file A:\InfraCode\AM-Portfolio-grp\am-portfolio\am-portfolio-data\portfolio-sdk\target\generated-sources\python\am_portfolio_client\rest.py
[INFO] writing file A:\InfraCode\AM-Portfolio-grp\am-portfolio\am-portfolio-data\portfolio-sdk\target\generated-sources\python\.openapi-generator-ignore
[INFO] writing file A:\InfraCode\AM-Portfolio-grp\am-portfolio\am-portfolio-data\portfolio-sdk\target\generated-sources\python\.openapi-generator\VERSION
[INFO] writing file A:\InfraCode\AM-Portfolio-grp\am-portfolio\am-portfolio-data\portfolio-sdk\target\generated-sources\python\.openapi-generator\FILES
################################################################################
# Thanks for using OpenAPI Generator.                                          #
# Please consider donation to help us maintain this project ?                 #
# https://opencollective.com/openapi_generator/donate                          #
################################################################################
[INFO] 
[INFO] --- resources:3.3.1:resources (default-resources) @ portfolio-sdk ---
[INFO] Copying 0 resource from src\main\resources to target\classes
[INFO] Copying 1 resource from src\main\resources to target\classes
[INFO] 
[INFO] --- compiler:3.11.0:compile (default-compile) @ portfolio-sdk ---
[INFO] Changes detected - recompiling the module! :source
[INFO] Compiling 51 source files with javac [debug release 17] to target\classes
[INFO] 
[INFO] --- resources:3.3.1:testResources (default-testResources) @ portfolio-sdk ---
[INFO] skip non existing resourceDirectory A:\InfraCode\AM-Portfolio-grp\am-portfolio\am-portfolio-data\portfolio-sdk\src\test\resources
[INFO] 
[INFO] --- compiler:3.11.0:testCompile (default-testCompile) @ portfolio-sdk ---
[INFO] No sources to compile
[INFO] 
[INFO] --- surefire:3.1.2:test (default-test) @ portfolio-sdk ---
[INFO] Tests are skipped.
[INFO] 
[INFO] --- jar:3.3.0:jar (default-jar) @ portfolio-sdk ---
[INFO] Building jar: A:\InfraCode\AM-Portfolio-grp\am-portfolio\am-portfolio-data\portfolio-sdk\target\portfolio-sdk-1.0-SNAPSHOT.jar
[INFO] ------------------------------------------------------------------------
[INFO] Reactor Summary for am-portfolio 1.0-SNAPSHOT:
[INFO] 
[INFO] am-portfolio ....................................... SUCCESS [  0.194 s]
[INFO] portfolio-model .................................... SUCCESS [ 12.367 s]
[INFO] portfolio-market-data .............................. SUCCESS [  5.364 s]
[INFO] portfolio-basket ................................... SUCCESS [  1.741 s]
[INFO] portfolio-redis .................................... SUCCESS [  2.697 s]
[INFO] portfolio-service .................................. SUCCESS [  5.709 s]
[INFO] Portfolio Analytics ................................ SUCCESS [  4.864 s]
[INFO] portfolio-api ...................................... SUCCESS [  6.036 s]
[INFO] portfolio-kafka .................................... SUCCESS [  4.428 s]
[INFO] portfolio-app ...................................... SUCCESS [  5.795 s]
[INFO] portfolio-sdk ...................................... SUCCESS [ 10.500 s]
[INFO] ------------------------------------------------------------------------
[INFO] BUILD SUCCESS
[INFO] ------------------------------------------------------------------------
[INFO] Total time:  01:01 min
[INFO] Finished at: 2026-02-05T01:36:34+05:30
[INFO] ------------------------------------------------------------------------
